Archive member included because of file (symbol)

c:/program files (x86)/gnu tools arm embedded/4.8 2013q4/bin/../lib/gcc/arm-none-eabi/4.8.3/../../../../arm-none-eabi/lib/armv7e-m\libm.a(lib_a-w_sqrt.o)
                              ..\obj\Draw_request.o (sqrt)
c:/program files (x86)/gnu tools arm embedded/4.8 2013q4/bin/../lib/gcc/arm-none-eabi/4.8.3/../../../../arm-none-eabi/lib/armv7e-m\libm.a(lib_a-e_sqrt.o)
                              c:/program files (x86)/gnu tools arm embedded/4.8 2013q4/bin/../lib/gcc/arm-none-eabi/4.8.3/../../../../arm-none-eabi/lib/armv7e-m\libm.a(lib_a-w_sqrt.o) (__ieee754_sqrt)
c:/program files (x86)/gnu tools arm embedded/4.8 2013q4/bin/../lib/gcc/arm-none-eabi/4.8.3/../../../../arm-none-eabi/lib/armv7e-m\libm.a(lib_a-s_fpclassify.o)
                              c:/program files (x86)/gnu tools arm embedded/4.8 2013q4/bin/../lib/gcc/arm-none-eabi/4.8.3/../../../../arm-none-eabi/lib/armv7e-m\libm.a(lib_a-w_sqrt.o) (__fpclassifyd)
c:/program files (x86)/gnu tools arm embedded/4.8 2013q4/bin/../lib/gcc/arm-none-eabi/4.8.3/../../../../arm-none-eabi/lib/armv7e-m\libm.a(lib_a-s_lib_ver.o)
                              c:/program files (x86)/gnu tools arm embedded/4.8 2013q4/bin/../lib/gcc/arm-none-eabi/4.8.3/../../../../arm-none-eabi/lib/armv7e-m\libm.a(lib_a-w_sqrt.o) (__fdlib_version)
c:/program files (x86)/gnu tools arm embedded/4.8 2013q4/bin/../lib/gcc/arm-none-eabi/4.8.3/../../../../arm-none-eabi/lib/armv7e-m\libm.a(lib_a-s_matherr.o)
                              c:/program files (x86)/gnu tools arm embedded/4.8 2013q4/bin/../lib/gcc/arm-none-eabi/4.8.3/../../../../arm-none-eabi/lib/armv7e-m\libm.a(lib_a-w_sqrt.o) (matherr)
c:/program files (x86)/gnu tools arm embedded/4.8 2013q4/bin/../lib/gcc/arm-none-eabi/4.8.3/armv7e-m\libgcc.a(_arm_addsubdf3.o)
                              ..\obj\Draw_request.o (__aeabi_dsub)
c:/program files (x86)/gnu tools arm embedded/4.8 2013q4/bin/../lib/gcc/arm-none-eabi/4.8.3/armv7e-m\libgcc.a(_arm_muldivdf3.o)
                              ..\obj\apllication.o (__aeabi_dmul)
c:/program files (x86)/gnu tools arm embedded/4.8 2013q4/bin/../lib/gcc/arm-none-eabi/4.8.3/armv7e-m\libgcc.a(_arm_cmpdf2.o)
                              c:/program files (x86)/gnu tools arm embedded/4.8 2013q4/bin/../lib/gcc/arm-none-eabi/4.8.3/../../../../arm-none-eabi/lib/armv7e-m\libm.a(lib_a-w_sqrt.o) (__aeabi_dcmplt)
c:/program files (x86)/gnu tools arm embedded/4.8 2013q4/bin/../lib/gcc/arm-none-eabi/4.8.3/armv7e-m\libgcc.a(_arm_fixdfsi.o)
                              ..\obj\Draw_request.o (__aeabi_d2iz)
c:/program files (x86)/gnu tools arm embedded/4.8 2013q4/bin/../lib/gcc/arm-none-eabi/4.8.3/armv7e-m\libgcc.a(_arm_fixunsdfsi.o)
                              ..\obj\Draw_request.o (__aeabi_d2uiz)
c:/program files (x86)/gnu tools arm embedded/4.8 2013q4/bin/../lib/gcc/arm-none-eabi/4.8.3/armv7e-m\libgcc.a(_arm_addsubsf3.o)
                              ..\obj\Draw_request.o (__aeabi_fsub)
c:/program files (x86)/gnu tools arm embedded/4.8 2013q4/bin/../lib/gcc/arm-none-eabi/4.8.3/armv7e-m\libgcc.a(_arm_muldivsf3.o)
                              ..\obj\Draw_request.o (__aeabi_fmul)
c:/program files (x86)/gnu tools arm embedded/4.8 2013q4/bin/../lib/gcc/arm-none-eabi/4.8.3/armv7e-m\libgcc.a(_arm_fixsfsi.o)
                              ..\obj\Draw_request.o (__aeabi_f2iz)
c:/program files (x86)/gnu tools arm embedded/4.8 2013q4/bin/../lib/gcc/arm-none-eabi/4.8.3/../../../../arm-none-eabi/lib/armv7e-m\libg.a(lib_a-errno.o)
                              c:/program files (x86)/gnu tools arm embedded/4.8 2013q4/bin/../lib/gcc/arm-none-eabi/4.8.3/../../../../arm-none-eabi/lib/armv7e-m\libm.a(lib_a-w_sqrt.o) (__errno)
c:/program files (x86)/gnu tools arm embedded/4.8 2013q4/bin/../lib/gcc/arm-none-eabi/4.8.3/../../../../arm-none-eabi/lib/armv7e-m\libg.a(lib_a-impure.o)
                              c:/program files (x86)/gnu tools arm embedded/4.8 2013q4/bin/../lib/gcc/arm-none-eabi/4.8.3/../../../../arm-none-eabi/lib/armv7e-m\libg.a(lib_a-errno.o) (_impure_ptr)
c:/program files (x86)/gnu tools arm embedded/4.8 2013q4/bin/../lib/gcc/arm-none-eabi/4.8.3/../../../../arm-none-eabi/lib/armv7e-m\libg.a(lib_a-printf.o)
                              ..\obj\Draw_request.o (printf)
c:/program files (x86)/gnu tools arm embedded/4.8 2013q4/bin/../lib/gcc/arm-none-eabi/4.8.3/../../../../arm-none-eabi/lib/armv7e-m\libg.a(lib_a-strlen.o)
                              ..\obj\draw_char.o (strlen)
c:/program files (x86)/gnu tools arm embedded/4.8 2013q4/bin/../lib/gcc/arm-none-eabi/4.8.3/../../../../arm-none-eabi/lib/armv7e-m\libg.a(lib_a-vfprintf.o)
                              c:/program files (x86)/gnu tools arm embedded/4.8 2013q4/bin/../lib/gcc/arm-none-eabi/4.8.3/../../../../arm-none-eabi/lib/armv7e-m\libg.a(lib_a-printf.o) (_vfprintf_r)
[...]
Memory Configuration

Name             Origin             Length             Attributes
rom              0x08000000         0x00100000         xr
ram              0x20000000         0x00020000         xrw
ram1             0x10000000         0x00010000         xrw
*default*        0x00000000         0xffffffff

Linker script and memory map

                0x20020000                _eram = 0x20020000

.text           0x08000000     0x8638
 *(.isr_vector)
 .isr_vector    0x08000000      0x188 ..\obj\startup_stm32f4xx.o
                0x08000000                g_pfnVectors
 *(.text*)
 .text.USART_Init
                0x08000188      0x174 ..\obj\stm32f4xx_usart.o
                0x08000188                USART_Init
 .text.USART_Cmd
                0x080002fc       0x40 ..\obj\stm32f4xx_usart.o
                0x080002fc                USART_Cmd
 .text.USART_SendData
                0x0800033c       0x24 ..\obj\stm32f4xx_usart.o
                0x0800033c                USART_SendData
 .text.USART_ITConfig
                0x08000360       0x90 ..\obj\stm32f4xx_usart.o
                0x08000360                USART_ITConfig
 .text.USART_GetFlagStatus
                0x080003f0       0x38 ..\obj\stm32f4xx_usart.o
                0x080003f0                USART_GetFlagStatus
 .text.USART_GetITStatus
                0x08000428       0xb0 ..\obj\stm32f4xx_usart.o
                0x08000428                USART_GetITStatus
 .text.USART_ClearITPendingBit
                0x080004d8       0x38 ..\obj\stm32f4xx_usart.o
                0x080004d8                USART_ClearITPendingBit
 .text.TIMER3_Initialize
                0x08000510       0x64 ..\obj\Draw_request.o
                0x08000510                TIMER3_Initialize
 .text.Bitmap_to_VGA
                0x08000574       0xdc ..\obj\Draw_request.o
                0x08000574                Bitmap_to_VGA
 .text.UART_init
                0x08000650       0x94 ..\obj\uart.o
                0x08000650                UART_init
 .text.USART2_IRQHandler
                0x080006e4       0xb0 ..\obj\uart.o
                0x080006e4                USART2_IRQHandler
 .text.Default_Reset_Handler
                0x08000794       0x5c ..\obj\startup_stm32f4xx.o
                0x08000794                Default_Reset_Handler
                0x08000794                Reset_Handler
 .text.Default_Handler
                0x080007f0        0x8 ..\obj\startup_stm32f4xx.o
                0x080007f0                RTC_Alarm_IRQHandler
                0x080007f0                HASH_RNG_IRQHandler
                0x080007f0                EXTI2_IRQHandler
                0x080007f0                TIM8_CC_IRQHandler
                0x080007f0                DebugMon_Handler
                0x080007f0                TIM1_CC_IRQHandler
                0x080007f0                HardFault_Handler
                0x080007f0                DMA1_Stream5_IRQHandler
                0x080007f0                SysTick_Handler
                0x080007f0                PVD_IRQHandler
                0x080007f0                SDIO_IRQHandler
                0x080007f0                TAMP_STAMP_IRQHandler
                0x080007f0                PendSV_Handler
                0x080007f0                NMI_Handler
                0x080007f0                CAN2_RX1_IRQHandler
                0x080007f0                EXTI3_IRQHandler
                0x080007f0                TIM8_TRG_COM_TIM14_IRQHandler
                0x080007f0                TIM1_UP_TIM10_IRQHandler
                0x080007f0                TIM8_UP_TIM13_IRQHandler
                0x080007f0                I2C3_ER_IRQHandler
                0x080007f0                EXTI0_IRQHandler
                0x080007f0                I2C2_EV_IRQHandler
                0x080007f0                DMA1_Stream2_IRQHandler
                0x080007f0                CAN1_RX0_IRQHandler
                0x080007f0                FPU_IRQHandler
                0x080007f0                OTG_HS_WKUP_IRQHandler
                0x080007f0                UsageFault_Handler
                0x080007f0                CAN2_SCE_IRQHandler
                0x080007f0                DMA2_Stream2_IRQHandler
                0x080007f0                SPI1_IRQHandler
                0x080007f0                TIM6_DAC_IRQHandler
                0x080007f0                TIM1_BRK_TIM9_IRQHandler
                0x080007f0                DCMI_IRQHandler
                0x080007f0                CAN2_RX0_IRQHandler
                0x080007f0                DMA2_Stream3_IRQHandler
                0x080007f0                USART6_IRQHandler
                0x080007f0                USART3_IRQHandler
                0x080007f0                CRYP_IRQHandler
                0x080007f0                CAN1_RX1_IRQHandler
                0x080007f0                UART5_IRQHandler
                0x080007f0                DMA2_Stream0_IRQHandler
                0x080007f0                TIM4_IRQHandler
                0x080007f0                I2C1_EV_IRQHandler
                0x080007f0                DMA1_Stream6_IRQHandler
                0x080007f0                DMA1_Stream1_IRQHandler
                0x080007f0                UART4_IRQHandler
                0x080007f0                TIM3_IRQHandler
                0x080007f0                RCC_IRQHandler
                0x080007f0                TIM8_BRK_TIM12_IRQHandler
                0x080007f0                EXTI15_10_IRQHandler
                0x080007f0                ADC_IRQHandler
                0x080007f0                DMA1_Stream7_IRQHandler
                0x080007f0                TIM7_IRQHandler
                0x080007f0                CAN2_TX_IRQHandler
                0x080007f0                TIM5_IRQHandler
                0x080007f0                DMA2_Stream7_IRQHandler
                0x080007f0                I2C3_EV_IRQHandler
                0x080007f0                EXTI9_5_IRQHandler
                0x080007f0                RTC_WKUP_IRQHandler
                0x080007f0                ETH_WKUP_IRQHandler
                0x080007f0                SPI2_IRQHandler
                0x080007f0                OTG_HS_EP1_IN_IRQHandler
                0x080007f0                MemManage_Handler
                0x080007f0                DMA1_Stream0_IRQHandler
                0x080007f0                CAN1_TX_IRQHandler
                0x080007f0                SVC_Handler
                0x080007f0                EXTI4_IRQHandler
                0x080007f0                FSMC_IRQHandler
                0x080007f0                ETH_IRQHandler
                0x080007f0                OTG_HS_EP1_OUT_IRQHandler
                0x080007f0                WWDG_IRQHandler
                0x080007f0                OTG_FS_WKUP_IRQHandler
                0x080007f0                TIM1_TRG_COM_TIM11_IRQHandler
                0x080007f0                OTG_HS_IRQHandler
                0x080007f0                EXTI1_IRQHandler
                0x080007f0                I2C2_ER_IRQHandler
                0x080007f0                DMA2_Stream1_IRQHandler
                0x080007f0                CAN1_SCE_IRQHandler
                0x080007f0                FLASH_IRQHandler
                0x080007f0                DMA2_Stream4_IRQHandler
                0x080007f0                BusFault_Handler
                0x080007f0                USART1_IRQHandler
                0x080007f0                OTG_FS_IRQHandler
                0x080007f0                SPI3_IRQHandler
                0x080007f0                DMA1_Stream4_IRQHandler
                0x080007f0                I2C1_ER_IRQHandler
                0x080007f0                DMA2_Stream6_IRQHandler
                0x080007f0                DMA1_Stream3_IRQHandler
 .text.main     0x080007f8       0x24 ..\obj\main.o
                0x080007f8                main
 .text.RCC_GetClocksFreq
                0x0800081c      0x154 ..\obj\stm32f4xx_rcc.o
                0x0800081c                RCC_GetClocksFreq
 .text.RCC_AHB1PeriphClockCmd
                0x08000970       0x3c ..\obj\stm32f4xx_rcc.o
                0x08000970                RCC_AHB1PeriphClockCmd
 .text.RCC_APB1PeriphClockCmd
                0x080009ac       0x3c ..\obj\stm32f4xx_rcc.o
                0x080009ac                RCC_APB1PeriphClockCmd
 .text.RCC_APB2PeriphClockCmd
                0x080009e8       0x3c ..\obj\stm32f4xx_rcc.o
                0x080009e8                RCC_APB2PeriphClockCmd
 .text.GPIO_Init
                0x08000a24      0x11c ..\obj\stm32f4xx_gpio.o
                0x08000a24                GPIO_Init
 .text.GPIO_PinAFConfig
                0x08000b40       0x8c ..\obj\stm32f4xx_gpio.o
                0x08000b40                GPIO_PinAFConfig
 *fill*         0x08000bcc        0x4 
 .text.delay_init
                0x08000bd0       0xe8 ..\obj\apllication.o
                0x08000bd0                delay_init
 .text.SystemInit
                0x08000cb8       0x58 ..\obj\system_stm32f4xx.o
                0x08000cb8                SystemInit
 .text.SetSysClock
                0x08000d10       0xf4 ..\obj\system_stm32f4xx.o
 .text._sbrk    0x08000e04       0x40 ..\obj\syscalls.o
                0x08000e04                _sbrk
 .text._close   0x08000e44       0x18 ..\obj\syscalls.o
                0x08000e44                _close
 .text._fstat   0x08000e5c       0x20 ..\obj\syscalls.o
                0x08000e5c                _fstat
 .text._isatty  0x08000e7c       0x18 ..\obj\syscalls.o
                0x08000e7c                _isatty
 .text._lseek   0x08000e94       0x1c ..\obj\syscalls.o
                0x08000e94                _lseek
 .text._read    0x08000eb0       0x1c ..\obj\syscalls.o
                0x08000eb0                _read
 .text._write   0x08000ecc       0x1c ..\obj\syscalls.o
                0x08000ecc                _write
 .text.DMA_DeInit
                0x08000ee8      0x1a4 ..\obj\stm32f4xx_dma.o
                0x08000ee8                DMA_DeInit
 .text.DMA_Init
                0x0800108c       0xac ..\obj\stm32f4xx_dma.o
                0x0800108c                DMA_Init
 .text.DMA_Cmd  0x08001138       0x38 ..\obj\stm32f4xx_dma.o
                0x08001138                DMA_Cmd
 .text.DMA_ITConfig
                0x08001170       0x74 ..\obj\stm32f4xx_dma.o
                0x08001170                DMA_ITConfig
 .text.DMA_GetITStatus
                0x080011e4       0xb0 ..\obj\stm32f4xx_dma.o
                0x080011e4                DMA_GetITStatus
 .text.DMA_ClearITPendingBit
                0x08001294       0x5c ..\obj\stm32f4xx_dma.o
                0x08001294                DMA_ClearITPendingBit
 .text.UB_VGA_Screen_Init
                0x080012f0       0x80 ..\obj\stm32_ub_vga_screen.o
                0x080012f0                UB_VGA_Screen_Init
 .text.UB_VGA_SetPixel
                0x08001370       0x4c ..\obj\stm32_ub_vga_screen.o
                0x08001370                UB_VGA_SetPixel
 .text.P_VGA_InitIO
                0x080013bc       0xa8 ..\obj\stm32_ub_vga_screen.o
                0x080013bc                P_VGA_InitIO
 .text.P_VGA_InitTIM
                0x08001464       0xc8 ..\obj\stm32_ub_vga_screen.o
                0x08001464                P_VGA_InitTIM
 .text.P_VGA_InitINT
                0x0800152c       0x58 ..\obj\stm32_ub_vga_screen.o
                0x0800152c                P_VGA_InitINT
 .text.P_VGA_InitDMA
                0x08001584       0x90 ..\obj\stm32_ub_vga_screen.o
                0x08001584                P_VGA_InitDMA
 .text.TIM2_IRQHandler
                0x08001614       0xb8 ..\obj\stm32_ub_vga_screen.o
                0x08001614                TIM2_IRQHandler
 .text.DMA2_Stream5_IRQHandler
                0x080016cc       0x4c ..\obj\stm32_ub_vga_screen.o
                0x080016cc                DMA2_Stream5_IRQHandler
 .text.NVIC_Init
                0x08001718       0xbc ..\obj\misc.o
                0x08001718                NVIC_Init
 .text.TIM_TimeBaseInit
                0x080017d4       0xd4 ..\obj\stm32f4xx_tim.o
                0x080017d4                TIM_TimeBaseInit
 .text.TIM_ARRPreloadConfig
                0x080018a8       0x40 ..\obj\stm32f4xx_tim.o
                0x080018a8                TIM_ARRPreloadConfig
 .text.TIM_Cmd  0x080018e8       0x40 ..\obj\stm32f4xx_tim.o
                0x080018e8                TIM_Cmd
 .text.TIM_OC3Init
                0x08001928      0x10c ..\obj\stm32f4xx_tim.o
                0x08001928                TIM_OC3Init
 .text.TIM_OC4Init
                0x08001a34       0xcc ..\obj\stm32f4xx_tim.o
                0x08001a34                TIM_OC4Init
 .text.TIM_OC3PreloadConfig
                0x08001b00       0x38 ..\obj\stm32f4xx_tim.o
                0x08001b00                TIM_OC3PreloadConfig
 .text.TIM_OC4PreloadConfig
                0x08001b38       0x3c ..\obj\stm32f4xx_tim.o
                0x08001b38                TIM_OC4PreloadConfig
 .text.TIM_ITConfig
                0x08001b74       0x48 ..\obj\stm32f4xx_tim.o
                0x08001b74                TIM_ITConfig
 .text.TIM_ClearITPendingBit
                0x08001bbc       0x20 ..\obj\stm32f4xx_tim.o
                0x08001bbc                TIM_ClearITPendingBit
 .text.TIM_DMACmd
                0x08001bdc       0x48 ..\obj\stm32f4xx_tim.o
                0x08001bdc                TIM_DMACmd
 .text.__fpclassifyd
                0x08001c24       0x50 c:/program files (x86)/gnu tools arm embedded/4.8 2013q4/bin/../lib/gcc/arm-none-eabi/4.8.3/../../../../arm-none-eabi/lib/armv7e-m\libm.a(lib_a-s_fpclassify.o)
                0x08001c24                __fpclassifyd
 .text          0x08001c74      0x370 c:/program files (x86)/gnu tools arm embedded/4.8 2013q4/bin/../lib/gcc/arm-none-eabi/4.8.3/armv7e-m\libgcc.a(_arm_addsubdf3.o)
                0x08001c74                __aeabi_drsub
                0x08001c7c                __aeabi_dsub
                0x08001c7c                __subdf3
                0x08001c80                __aeabi_dadd
                0x08001c80                __adddf3
                0x08001ef8                __floatunsidf
                0x08001ef8                __aeabi_ui2d
                0x08001f18                __floatsidf
                0x08001f18                __aeabi_i2d
                0x08001f3c                __aeabi_f2d
                0x08001f3c                __extendsfdf2
                0x08001f78                __floatundidf
                0x08001f78                __aeabi_ul2d
                0x08001f88                __floatdidf
                0x08001f88                __aeabi_l2d
 .text          0x08001fe4      0x424 c:/program files (x86)/gnu tools arm embedded/4.8 2013q4/bin/../lib/gcc/arm-none-eabi/4.8.3/armv7e-m\libgcc.a(_arm_muldivdf3.o)
                0x08001fe4                __aeabi_dmul
                0x08001fe4                __muldf3
                0x08002238                __divdf3
                0x08002238                __aeabi_ddiv
 .text          0x08002408      0x110 c:/program files (x86)/gnu tools arm embedded/4.8 2013q4/bin/../lib/gcc/arm-none-eabi/4.8.3/armv7e-m\libgcc.a(_arm_cmpdf2.o)
                0x08002408                __gtdf2
                0x08002408                __gedf2
                0x08002410                __ltdf2
                0x08002410                __ledf2
                0x08002418                __nedf2
                0x08002418                __eqdf2
                0x08002418                __cmpdf2
                0x08002494                __aeabi_cdrcmple
                0x080024a4                __aeabi_cdcmpeq
                0x080024a4                __aeabi_cdcmple
                0x080024b4                __aeabi_dcmpeq
                0x080024c8                __aeabi_dcmplt
                0x080024dc                __aeabi_dcmple
                0x080024f0                __aeabi_dcmpge
                0x08002504                __aeabi_dcmpgt
 .text          0x08002518       0x50 c:/program files (x86)/gnu tools arm embedded/4.8 2013q4/bin/../lib/gcc/arm-none-eabi/4.8.3/armv7e-m\libgcc.a(_arm_fixdfsi.o)
                0x08002518                __aeabi_d2iz
                0x08002518                __fixdfsi
 .text.printf   0x08002568       0x28 c:/program files (x86)/gnu tools arm embedded/4.8 2013q4/bin/../lib/gcc/arm-none-eabi/4.8.3/../../../../arm-none-eabi/lib/armv7e-m\libg.a(lib_a-printf.o)
                0x08002568                printf
 .text.strlen   0x08002590       0x60 c:/program files (x86)/gnu tools arm embedded/4.8 2013q4/bin/../lib/gcc/arm-none-eabi/4.8.3/../../../../arm-none-eabi/lib/armv7e-m\libg.a(lib_a-strlen.o)
                0x08002590                strlen
 .text._vfprintf_r
                0x080025f0     0x1544 c:/program files (x86)/gnu tools arm embedded/4.8 2013q4/bin/../lib/gcc/arm-none-eabi/4.8.3/../../../../arm-none-eabi/lib/armv7e-m\libg.a(lib_a-vfprintf.o)
                0x080025f0                _vfprintf_r
 .text.__sbprintf
                0x08003b34       0x78 c:/program files (x86)/gnu tools arm embedded/4.8 2013q4/bin/../lib/gcc/arm-none-eabi/4.8.3/../../../../arm-none-eabi/lib/armv7e-m\libg.a(lib_a-vfprintf.o)
 .text.__swsetup_r
                0x08003bac       0xc4 c:/program files (x86)/gnu tools arm embedded/4.8 2013q4/bin/../lib/gcc/arm-none-eabi/4.8.3/../../../../arm-none-eabi/lib/armv7e-m\libg.a(lib_a-wsetup.o)
                0x08003bac                __swsetup_r
 .text.quorem   0x08003c70      0x130 c:/program files (x86)/gnu tools arm embedded/4.8 2013q4/bin/../lib/gcc/arm-none-eabi/4.8.3/../../../../arm-none-eabi/lib/armv7e-m\libg.a(lib_a-dtoa.o)
 .text._dtoa_r  0x08003da0      0xe38 c:/program files (x86)/gnu tools arm embedded/4.8 2013q4/bin/../lib/gcc/arm-none-eabi/4.8.3/../../../../arm-none-eabi/lib/armv7e-m\libg.a(lib_a-dtoa.o)
                0x08003da0                _dtoa_r
 .text.__sflush_r
                0x08004bd8      0x154 c:/program files (x86)/gnu tools arm embedded/4.8 2013q4/bin/../lib/gcc/arm-none-eabi/4.8.3/../../../../arm-none-eabi/lib/armv7e-m\libg.a(lib_a-fflush.o)
                0x08004bd8                __sflush_r
 .text._fflush_r
                0x08004d2c       0x2c c:/program files (x86)/gnu tools arm embedded/4.8 2013q4/bin/../lib/gcc/arm-none-eabi/4.8.3/../../../../arm-none-eabi/lib/armv7e-m\libg.a(lib_a-fflush.o)
                0x08004d2c                _fflush_r
 .text._cleanup_r
                0x08004d58        0xc c:/program files (x86)/gnu tools arm embedded/4.8 2013q4/bin/../lib/gcc/arm-none-eabi/4.8.3/../../../../arm-none-eabi/lib/armv7e-m\libg.a(lib_a-findfp.o)
                0x08004d58                _cleanup_r
 .text.__sinit  0x08004d64       0xf4 c:/program files (x86)/gnu tools arm embedded/4.8 2013q4/bin/../lib/gcc/arm-none-eabi/4.8.3/../../../../arm-none-eabi/lib/armv7e-m\libg.a(lib_a-findfp.o)
                0x08004d64                __sinit
 .text.__sfp_lock_acquire
                0x08004e58        0x4 c:/program files (x86)/gnu tools arm embedded/4.8 2013q4/bin/../lib/gcc/arm-none-eabi/4.8.3/../../../../arm-none-eabi/lib/armv7e-m\libg.a(lib_a-findfp.o)
                0x08004e58                __sfp_lock_acquire
 .text.__sfp_lock_release
                0x08004e5c        0x4 c:/program files (x86)/gnu tools arm embedded/4.8 2013q4/bin/../lib/gcc/arm-none-eabi/4.8.3/../../../../arm-none-eabi/lib/armv7e-m\libg.a(lib_a-findfp.o)
                0x08004e5c                __sfp_lock_release
 .text._malloc_trim_r
                0x08004e60       0x9c c:/program files (x86)/gnu tools arm embedded/4.8 2013q4/bin/../lib/gcc/arm-none-eabi/4.8.3/../../../../arm-none-eabi/lib/armv7e-m\libg.a(lib_a-freer.o)
                0x08004e60                _malloc_trim_r
 .text._free_r  0x08004efc      0x19c c:/program files (x86)/gnu tools arm embedded/4.8 2013q4/bin/../lib/gcc/arm-none-eabi/4.8.3/../../../../arm-none-eabi/lib/armv7e-m\libg.a(lib_a-freer.o)
                0x08004efc                _free_r
 .text._fwalk   0x08005098       0x4c c:/program files (x86)/gnu tools arm embedded/4.8 2013q4/bin/../lib/gcc/arm-none-eabi/4.8.3/../../../../arm-none-eabi/lib/armv7e-m\libg.a(lib_a-fwalk.o)
                0x08005098                _fwalk
 .text.__locale_charset
                0x080050e4        0x8 c:/program files (x86)/gnu tools arm embedded/4.8 2013q4/bin/../lib/gcc/arm-none-eabi/4.8.3/../../../../arm-none-eabi/lib/armv7e-m\libg.a(lib_a-locale.o)
                0x080050e4                __locale_charset
 .text.__locale_mb_cur_max
                0x080050ec        0xc c:/program files (x86)/gnu tools arm embedded/4.8 2013q4/bin/../lib/gcc/arm-none-eabi/4.8.3/../../../../arm-none-eabi/lib/armv7e-m\libg.a(lib_a-locale.o)
                0x080050ec                __locale_mb_cur_max
 .text._localeconv_r
                0x080050f8        0x8 c:/program files (x86)/gnu tools arm embedded/4.8 2013q4/bin/../lib/gcc/arm-none-eabi/4.8.3/../../../../arm-none-eabi/lib/armv7e-m\libg.a(lib_a-locale.o)
                0x080050f8                _localeconv_r
 .text.__smakebuf_r
                0x08005100       0xe0 c:/program files (x86)/gnu tools arm embedded/4.8 2013q4/bin/../lib/gcc/arm-none-eabi/4.8.3/../../../../arm-none-eabi/lib/armv7e-m\libg.a(lib_a-makebuf.o)
                0x08005100                __smakebuf_r
 .text._malloc_r
                0x080051e0      0x538 c:/program files (x86)/gnu tools arm embedded/4.8 2013q4/bin/../lib/gcc/arm-none-eabi/4.8.3/../../../../arm-none-eabi/lib/armv7e-m\libg.a(lib_a-mallocr.o)
                0x080051e0                _malloc_r
 .text.memchr   0x08005718       0x90 c:/program files (x86)/gnu tools arm embedded/4.8 2013q4/bin/../lib/gcc/arm-none-eabi/4.8.3/../../../../arm-none-eabi/lib/armv7e-m\libg.a(lib_a-memchr-stub.o)
                0x08005718                memchr
 .text          0x080057a8      0x134 c:/program files (x86)/gnu tools arm embedded/4.8 2013q4/bin/../lib/gcc/arm-none-eabi/4.8.3/../../../../arm-none-eabi/lib/armv7e-m\libg.a(lib_a-memcpy.o)
                0x080057a8                memcpy
 .text.memset   0x080058dc       0x94 c:/program files (x86)/gnu tools arm embedded/4.8 2013q4/bin/../lib/gcc/arm-none-eabi/4.8.3/../../../../arm-none-eabi/lib/armv7e-m\libg.a(lib_a-memset.o)
                0x080058dc                memset
 .text.__malloc_lock
                0x08005970        0x4 c:/program files (x86)/gnu tools arm embedded/4.8 2013q4/bin/../lib/gcc/arm-none-eabi/4.8.3/../../../../arm-none-eabi/lib/armv7e-m\libg.a(lib_a-mlock.o)
                0x08005970                __malloc_lock
 .text.__malloc_unlock
                0x08005974        0x4 c:/program files (x86)/gnu tools arm embedded/4.8 2013q4/bin/../lib/gcc/arm-none-eabi/4.8.3/../../../../arm-none-eabi/lib/armv7e-m\libg.a(lib_a-mlock.o)
                0x08005974                __malloc_unlock
 .text._Balloc  0x08005978       0x4c c:/program files (x86)/gnu tools arm embedded/4.8 2013q4/bin/../lib/gcc/arm-none-eabi/4.8.3/../../../../arm-none-eabi/lib/armv7e-m\libg.a(lib_a-mprec.o)
                0x08005978                _Balloc
 .text._Bfree   0x080059c4       0x14 c:/program files (x86)/gnu tools arm embedded/4.8 2013q4/bin/../lib/gcc/arm-none-eabi/4.8.3/../../../../arm-none-eabi/lib/armv7e-m\libg.a(lib_a-mprec.o)
                0x080059c4                _Bfree
 .text.__multadd
                0x080059d8       0x98 c:/program files (x86)/gnu tools arm embedded/4.8 2013q4/bin/../lib/gcc/arm-none-eabi/4.8.3/../../../../arm-none-eabi/lib/armv7e-m\libg.a(lib_a-mprec.o)
                0x080059d8                __multadd
 .text.__hi0bits
                0x08005a70       0x40 c:/program files (x86)/gnu tools arm embedded/4.8 2013q4/bin/../lib/gcc/arm-none-eabi/4.8.3/../../../../arm-none-eabi/lib/armv7e-m\libg.a(lib_a-mprec.o)
                0x08005a70                __hi0bits
 .text.__lo0bits
                0x08005ab0       0x5c c:/program files (x86)/gnu tools arm embedded/4.8 2013q4/bin/../lib/gcc/arm-none-eabi/4.8.3/../../../../arm-none-eabi/lib/armv7e-m\libg.a(lib_a-mprec.o)
                0x08005ab0                __lo0bits
 .text.__i2b    0x08005b0c       0x14 c:/program files (x86)/gnu tools arm embedded/4.8 2013q4/bin/../lib/gcc/arm-none-eabi/4.8.3/../../../../arm-none-eabi/lib/armv7e-m\libg.a(lib_a-mprec.o)
                0x08005b0c                __i2b
 .text.__multiply
                0x08005b20      0x13c c:/program files (x86)/gnu tools arm embedded/4.8 2013q4/bin/../lib/gcc/arm-none-eabi/4.8.3/../../../../arm-none-eabi/lib/armv7e-m\libg.a(lib_a-mprec.o)
                0x08005b20                __multiply
 .text.__pow5mult
                0x08005c5c       0x9c c:/program files (x86)/gnu tools arm embedded/4.8 2013q4/bin/../lib/gcc/arm-none-eabi/4.8.3/../../../../arm-none-eabi/lib/armv7e-m\libg.a(lib_a-mprec.o)
                0x08005c5c                __pow5mult
 .text.__lshift
                0x08005cf8       0xbc c:/program files (x86)/gnu tools arm embedded/4.8 2013q4/bin/../lib/gcc/arm-none-eabi/4.8.3/../../../../arm-none-eabi/lib/armv7e-m\libg.a(lib_a-mprec.o)
                0x08005cf8                __lshift
 .text.__mcmp   0x08005db4       0x48 c:/program files (x86)/gnu tools arm embedded/4.8 2013q4/bin/../lib/gcc/arm-none-eabi/4.8.3/../../../../arm-none-eabi/lib/armv7e-m\libg.a(lib_a-mprec.o)
                0x08005db4                __mcmp
 .text.__mdiff  0x08005dfc       0xd4 c:/program files (x86)/gnu tools arm embedded/4.8 2013q4/bin/../lib/gcc/arm-none-eabi/4.8.3/../../../../arm-none-eabi/lib/armv7e-m\libg.a(lib_a-mprec.o)
                0x08005dfc                __mdiff
 .text.__d2b    0x08005ed0       0xbc c:/program files (x86)/gnu tools arm embedded/4.8 2013q4/bin/../lib/gcc/arm-none-eabi/4.8.3/../../../../arm-none-eabi/lib/armv7e-m\libg.a(lib_a-mprec.o)
                0x08005ed0                __d2b
 .text._sbrk_r  0x08005f8c       0x24 c:/program files (x86)/gnu tools arm embedded/4.8 2013q4/bin/../lib/gcc/arm-none-eabi/4.8.3/../../../../arm-none-eabi/lib/armv7e-m\libg.a(lib_a-sbrkr.o)
                0x08005f8c                _sbrk_r
 .text.__sread  0x08005fb0       0x24 c:/program files (x86)/gnu tools arm embedded/4.8 2013q4/bin/../lib/gcc/arm-none-eabi/4.8.3/../../../../arm-none-eabi/lib/armv7e-m\libg.a(lib_a-stdio.o)
                0x08005fb0                __sread
 .text.__swrite
                0x08005fd4       0x38 c:/program files (x86)/gnu tools arm embedded/4.8 2013q4/bin/../lib/gcc/arm-none-eabi/4.8.3/../../../../arm-none-eabi/lib/armv7e-m\libg.a(lib_a-stdio.o)
                0x08005fd4                __swrite
 .text.__sseek  0x0800600c       0x24 c:/program files (x86)/gnu tools arm embedded/4.8 2013q4/bin/../lib/gcc/arm-none-eabi/4.8.3/../../../../arm-none-eabi/lib/armv7e-m\libg.a(lib_a-stdio.o)
                0x0800600c                __sseek
 .text.__sclose
                0x08006030        0x8 c:/program files (x86)/gnu tools arm embedded/4.8 2013q4/bin/../lib/gcc/arm-none-eabi/4.8.3/../../../../arm-none-eabi/lib/armv7e-m\libg.a(lib_a-stdio.o)
                0x08006030                __sclose
 .text.__sprint_r.part.0
                0x08006038       0x78 c:/program files (x86)/gnu tools arm embedded/4.8 2013q4/bin/../lib/gcc/arm-none-eabi/4.8.3/../../../../arm-none-eabi/lib/armv7e-m\libg.a(lib_a-vfiprintf.o)
 .text.__sprint_r
                0x080060b0       0x18 c:/program files (x86)/gnu tools arm embedded/4.8 2013q4/bin/../lib/gcc/arm-none-eabi/4.8.3/../../../../arm-none-eabi/lib/armv7e-m\libg.a(lib_a-vfiprintf.o)
                0x080060b0                __sprint_r
 .text._write_r
                0x080060c8       0x28 c:/program files (x86)/gnu tools arm embedded/4.8 2013q4/bin/../lib/gcc/arm-none-eabi/4.8.3/../../../../arm-none-eabi/lib/armv7e-m\libg.a(lib_a-writer.o)
                0x080060c8                _write_r
 .text._calloc_r
                0x080060f0       0x60 c:/program files (x86)/gnu tools arm embedded/4.8 2013q4/bin/../lib/gcc/arm-none-eabi/4.8.3/../../../../arm-none-eabi/lib/armv7e-m\libg.a(lib_a-callocr.o)
                0x080060f0                _calloc_r
 .text._close_r
                0x08006150       0x24 c:/program files (x86)/gnu tools arm embedded/4.8 2013q4/bin/../lib/gcc/arm-none-eabi/4.8.3/../../../../arm-none-eabi/lib/armv7e-m\libg.a(lib_a-closer.o)
                0x08006150                _close_r
 .text._fclose_r
                0x08006174       0x80 c:/program files (x86)/gnu tools arm embedded/4.8 2013q4/bin/../lib/gcc/arm-none-eabi/4.8.3/../../../../arm-none-eabi/lib/armv7e-m\libg.a(lib_a-fclose.o)
                0x08006174                _fclose_r
 .text.fclose   0x080061f4       0x10 c:/program files (x86)/gnu tools arm embedded/4.8 2013q4/bin/../lib/gcc/arm-none-eabi/4.8.3/../../../../arm-none-eabi/lib/armv7e-m\libg.a(lib_a-fclose.o)
                0x080061f4                fclose
 .text._fputwc_r
                0x08006204       0xbc c:/program files (x86)/gnu tools arm embedded/4.8 2013q4/bin/../lib/gcc/arm-none-eabi/4.8.3/../../../../arm-none-eabi/lib/armv7e-m\libg.a(lib_a-fputwc.o)
                0x08006204                _fputwc_r
 .text._fstat_r
                0x080062c0       0x28 c:/program files (x86)/gnu tools arm embedded/4.8 2013q4/bin/../lib/gcc/arm-none-eabi/4.8.3/../../../../arm-none-eabi/lib/armv7e-m\libg.a(lib_a-fstatr.o)
                0x080062c0                _fstat_r
 .text.__sfvwrite_r
                0x080062e8      0x314 c:/program files (x86)/gnu tools arm embedded/4.8 2013q4/bin/../lib/gcc/arm-none-eabi/4.8.3/../../../../arm-none-eabi/lib/armv7e-m\libg.a(lib_a-fvwrite.o)
                0x080062e8                __sfvwrite_r
 .text._isatty_r
                0x080065fc       0x24 c:/program files (x86)/gnu tools arm embedded/4.8 2013q4/bin/../lib/gcc/arm-none-eabi/4.8.3/../../../../arm-none-eabi/lib/armv7e-m\libg.a(lib_a-isattyr.o)
                0x080065fc                _isatty_r
 .text._lseek_r
                0x08006620       0x28 c:/program files (x86)/gnu tools arm embedded/4.8 2013q4/bin/../lib/gcc/arm-none-eabi/4.8.3/../../../../arm-none-eabi/lib/armv7e-m\libg.a(lib_a-lseekr.o)
                0x08006620                _lseek_r
 .text.memmove  0x08006648       0xc0 c:/program files (x86)/gnu tools arm embedded/4.8 2013q4/bin/../lib/gcc/arm-none-eabi/4.8.3/../../../../arm-none-eabi/lib/armv7e-m\libg.a(lib_a-memmove.o)
                0x08006648                memmove
 .text._read_r  0x08006708       0x28 c:/program files (x86)/gnu tools arm embedded/4.8 2013q4/bin/../lib/gcc/arm-none-eabi/4.8.3/../../../../arm-none-eabi/lib/armv7e-m\libg.a(lib_a-readr.o)
                0x08006708                _read_r
 .text._realloc_r
                0x08006730      0x3cc c:/program files (x86)/gnu tools arm embedded/4.8 2013q4/bin/../lib/gcc/arm-none-eabi/4.8.3/../../../../arm-none-eabi/lib/armv7e-m\libg.a(lib_a-reallocr.o)
                0x08006730                _realloc_r
 .text.__swbuf_r
                0x08006afc       0xa8 c:/program files (x86)/gnu tools arm embedded/4.8 2013q4/bin/../lib/gcc/arm-none-eabi/4.8.3/../../../../arm-none-eabi/lib/armv7e-m\libg.a(lib_a-wbuf.o)
                0x08006afc                __swbuf_r
 .text._wcrtomb_r
                0x08006ba4       0x50 c:/program files (x86)/gnu tools arm embedded/4.8 2013q4/bin/../lib/gcc/arm-none-eabi/4.8.3/../../../../arm-none-eabi/lib/armv7e-m\libg.a(lib_a-wcrtomb.o)
                0x08006ba4                _wcrtomb_r
 .text.__ascii_wctomb
                0x08006bf4       0x1c c:/program files (x86)/gnu tools arm embedded/4.8 2013q4/bin/../lib/gcc/arm-none-eabi/4.8.3/../../../../arm-none-eabi/lib/armv7e-m\libg.a(lib_a-wctomb_r.o)
                0x08006bf4                __ascii_wctomb
 .text          0x08006c10       0x2c c:/program files (x86)/gnu tools arm embedded/4.8 2013q4/bin/../lib/gcc/arm-none-eabi/4.8.3/armv7e-m\libgcc.a(_aeabi_uldivmod.o)
                0x08006c10                __aeabi_uldivmod
 .text          0x08006c3c       0x60 c:/program files (x86)/gnu tools arm embedded/4.8 2013q4/bin/../lib/gcc/arm-none-eabi/4.8.3/armv7e-m\libgcc.a(bpabi.o)
                0x08006c3c                __gnu_ldivmod_helper
                0x08006c6c                __gnu_uldivmod_helper
 .text          0x08006c9c        0x4 c:/program files (x86)/gnu tools arm embedded/4.8 2013q4/bin/../lib/gcc/arm-none-eabi/4.8.3/armv7e-m\libgcc.a(_dvmd_tls.o)
                0x08006c9c                __aeabi_idiv0
                0x08006c9c                __aeabi_ldiv0
 .text          0x08006ca0      0x298 c:/program files (x86)/gnu tools arm embedded/4.8 2013q4/bin/../lib/gcc/arm-none-eabi/4.8.3/armv7e-m\libgcc.a(_divdi3.o)
                0x08006ca0                __divdi3
 .text          0x08006f38      0x284 c:/program files (x86)/gnu tools arm embedded/4.8 2013q4/bin/../lib/gcc/arm-none-eabi/4.8.3/armv7e-m\libgcc.a(_udivdi3.o)
                0x08006f38                __udivdi3
 *(.init)
 *(.fini)
 *crtbegin.o(.ctors)
 *crtbegin?.o(.ctors)
 *(EXCLUDE_FILE(*crtend.o *crtend?.o) .ctors)
 *(SORT(.ctors.*))
 *(.ctors)
 *crtbegin.o(.dtors)
 *crtbegin?.o(.dtors)
 *(EXCLUDE_FILE(*crtend.o *crtend?.o) .dtors)
 *(SORT(.dtors.*))
 *(.dtors)
 *(.rodata*)
 .rodata        0x080071bc     0x12f8 ..\obj\Draw_request.o
                0x080071bc                image
 .rodata.str1.4
                0x080084b4        0x2 c:/program files (x86)/gnu tools arm embedded/4.8 2013q4/bin/../lib/gcc/arm-none-eabi/4.8.3/../../../../arm-none-eabi/lib/armv7e-m\libg.a(lib_a-impure.o)
                                  0x4 (size before relaxing)
 *fill*         0x080084b6        0x2 
 .rodata.zeroes.6759
                0x080084b8       0x10 c:/program files (x86)/gnu tools arm embedded/4.8 2013q4/bin/../lib/gcc/arm-none-eabi/4.8.3/../../../../arm-none-eabi/lib/armv7e-m\libg.a(lib_a-vfprintf.o)
 .rodata.str1.4
                0x080084c8       0x42 c:/program files (x86)/gnu tools arm embedded/4.8 2013q4/bin/../lib/gcc/arm-none-eabi/4.8.3/../../../../arm-none-eabi/lib/armv7e-m\libg.a(lib_a-vfprintf.o)
                                 0x44 (size before relaxing)
 *fill*         0x0800850a        0x2 
 .rodata.blanks.6758
                0x0800850c       0x10 c:/program files (x86)/gnu tools arm embedded/4.8 2013q4/bin/../lib/gcc/arm-none-eabi/4.8.3/../../../../arm-none-eabi/lib/armv7e-m\libg.a(lib_a-vfprintf.o)
 .rodata.str1.4
                0x0800851c       0x10 c:/program files (x86)/gnu tools arm embedded/4.8 2013q4/bin/../lib/gcc/arm-none-eabi/4.8.3/../../../../arm-none-eabi/lib/armv7e-m\libg.a(lib_a-dtoa.o)
                                 0x14 (size before relaxing)
 .rodata.str1.4
                0x0800852c        0xc c:/program files (x86)/gnu tools arm embedded/4.8 2013q4/bin/../lib/gcc/arm-none-eabi/4.8.3/../../../../arm-none-eabi/lib/armv7e-m\libg.a(lib_a-locale.o)
                                 0x14 (size before relaxing)
 .rodata.p05.5288
                0x08008538        0xc c:/program files (x86)/gnu tools arm embedded/4.8 2013q4/bin/../lib/gcc/arm-none-eabi/4.8.3/../../../../arm-none-eabi/lib/armv7e-m\libg.a(lib_a-mprec.o)
 *fill*         0x08008544        0x4 
 .rodata.__mprec_tens
                0x08008548       0xc8 c:/program files (x86)/gnu tools arm embedded/4.8 2013q4/bin/../lib/gcc/arm-none-eabi/4.8.3/../../../../arm-none-eabi/lib/armv7e-m\libg.a(lib_a-mprec.o)
                0x08008548                __mprec_tens
 .rodata.__mprec_bigtens
                0x08008610       0x28 c:/program files (x86)/gnu tools arm embedded/4.8 2013q4/bin/../lib/gcc/arm-none-eabi/4.8.3/../../../../arm-none-eabi/lib/armv7e-m\libg.a(lib_a-mprec.o)
                0x08008610                __mprec_bigtens
 *(.eh_fram e*)

.glue_7         0x08008638        0x0
 .glue_7        0x00000000        0x0 linker stubs

.glue_7t        0x08008638        0x0
 .glue_7t       0x00000000        0x0 linker stubs

.vfp11_veneer   0x08008638        0x0
 .vfp11_veneer  0x00000000        0x0 linker stubs

.v4_bx          0x08008638        0x0
 .v4_bx         0x00000000        0x0 linker stubs

.iplt           0x08008638        0x0
 .iplt          0x00000000        0x0 ..\obj\_Arial_italic_s72.o

.ARM.extab
 *(.ARM.extab* .gnu.linkonce.armextab.*)
                0x08008638                __exidx_start = .

.ARM.exidx      0x08008638        0x8
 *(.ARM.exidx* .gnu.linkonce.armexidx.*)
 .ARM.exidx     0x08008638        0x8 c:/program files (x86)/gnu tools arm embedded/4.8 2013q4/bin/../lib/gcc/arm-none-eabi/4.8.3/armv7e-m\libgcc.a(_divdi3.o)
 .ARM.exidx     0x08008640        0x0 c:/program files (x86)/gnu tools arm embedded/4.8 2013q4/bin/../lib/gcc/arm-none-eabi/4.8.3/armv7e-m\libgcc.a(_udivdi3.o)
                                  0x8 (size before relaxing)
                0x08008640                __exidx_end = .
                0x08008640                __etext = .
                0x08008640                _sidata = __etext

.rel.dyn        0x08008640        0x0
 .rel.iplt      0x00000000        0x0 ..\obj\_Arial_italic_s72.o

.data           0x20000000      0x8ac load address 0x08008640
                0x20000000                __data_start__ = .
                0x20000000                _sdata = __data_start__
 *(vtable)
 *(.data*)
 .data          0x20000000       0x10 ..\obj\stm32f4xx_rcc.o
 .data.impure_data
                0x20000010      0x428 c:/program files (x86)/gnu tools arm embedded/4.8 2013q4/bin/../lib/gcc/arm-none-eabi/4.8.3/../../../../arm-none-eabi/lib/armv7e-m\libg.a(lib_a-impure.o)
 .data._impure_ptr
                0x20000438        0x4 c:/program files (x86)/gnu tools arm embedded/4.8 2013q4/bin/../lib/gcc/arm-none-eabi/4.8.3/../../../../arm-none-eabi/lib/armv7e-m\libg.a(lib_a-impure.o)
                0x20000438                _impure_ptr
 .data.lconv    0x2000043c       0x38 c:/program files (x86)/gnu tools arm embedded/4.8 2013q4/bin/../lib/gcc/arm-none-eabi/4.8.3/../../../../arm-none-eabi/lib/armv7e-m\libg.a(lib_a-locale.o)
 .data.lc_ctype_charset
                0x20000474       0x20 c:/program files (x86)/gnu tools arm embedded/4.8 2013q4/bin/../lib/gcc/arm-none-eabi/4.8.3/../../../../arm-none-eabi/lib/armv7e-m\libg.a(lib_a-locale.o)
 .data.__mb_cur_max
                0x20000494        0x4 c:/program files (x86)/gnu tools arm embedded/4.8 2013q4/bin/../lib/gcc/arm-none-eabi/4.8.3/../../../../arm-none-eabi/lib/armv7e-m\libg.a(lib_a-locale.o)
                0x20000494                __mb_cur_max
 .data.__malloc_av_
                0x20000498      0x408 c:/program files (x86)/gnu tools arm embedded/4.8 2013q4/bin/../lib/gcc/arm-none-eabi/4.8.3/../../../../arm-none-eabi/lib/armv7e-m\libg.a(lib_a-mallocr.o)
                0x20000498                __malloc_av_
 .data.__malloc_trim_threshold
                0x200008a0        0x4 c:/program files (x86)/gnu tools arm embedded/4.8 2013q4/bin/../lib/gcc/arm-none-eabi/4.8.3/../../../../arm-none-eabi/lib/armv7e-m\libg.a(lib_a-mallocr.o)
                0x200008a0                __malloc_trim_threshold
 .data.__malloc_sbrk_base
                0x200008a4        0x4 c:/program files (x86)/gnu tools arm embedded/4.8 2013q4/bin/../lib/gcc/arm-none-eabi/4.8.3/../../../../arm-none-eabi/lib/armv7e-m\libg.a(lib_a-mallocr.o)
                0x200008a4                __malloc_sbrk_base
 .data.__wctomb
                0x200008a8        0x4 c:/program files (x86)/gnu tools arm embedded/4.8 2013q4/bin/../lib/gcc/arm-none-eabi/4.8.3/../../../../arm-none-eabi/lib/armv7e-m\libg.a(lib_a-wctomb_r.o)
                0x200008a8                __wctomb
                0x200008ac                . = ALIGN (0x4)
                0x200008ac                PROVIDE (__preinit_array_start, .)
 *(.preinit_array)
                0x200008ac                PROVIDE (__preinit_array_end, .)
                0x200008ac                . = ALIGN (0x4)
                0x200008ac                PROVIDE (__init_array_start, .)
 *(SORT(.init_array.*))
 *(.init_array)
                0x200008ac                PROVIDE (__init_array_end, .)
                0x200008ac                . = ALIGN (0x4)
                0x200008ac                PROVIDE (__fini_array_start, .)
 *(SORT(.fini_array.*))
 *(.fini_array)
                0x200008ac                PROVIDE (__fini_array_end, .)
 *(.jcr*)
                0x200008ac                . = ALIGN (0x4)
                0x200008ac                __data_end__ = .
                0x200008ac                _edata = __data_end__

.igot.plt       0x200008ac        0x0 load address 0x08008eec
 .igot.plt      0x00000000        0x0 ..\obj\_Arial_italic_s72.o

.bss            0x200008ac    0x12db4 load address 0x08008eec
                0x200008ac                . = ALIGN (0x4)
                0x200008ac                __bss_start__ = .
                0x200008ac                _sbss = __bss_start__
 *(.bss*)
 .bss           0x200008ac        0x8 ..\obj\Draw_request.o
 .bss           0x200008b4        0x4 ..\obj\uart.o
                0x200008b4                charcounter
 .bss           0x200008b8        0xc ..\obj\apllication.o
 .bss           0x200008c4        0x4 ..\obj\syscalls.o
 .bss.__malloc_max_total_mem
                0x200008c8        0x4 c:/program files (x86)/gnu tools arm embedded/4.8 2013q4/bin/../lib/gcc/arm-none-eabi/4.8.3/../../../../arm-none-eabi/lib/armv7e-m\libg.a(lib_a-mallocr.o)
                0x200008c8                __malloc_max_total_mem
 .bss.__malloc_max_sbrked_mem
                0x200008cc        0x4 c:/program files (x86)/gnu tools arm embedded/4.8 2013q4/bin/../lib/gcc/arm-none-eabi/4.8.3/../../../../arm-none-eabi/lib/armv7e-m\libg.a(lib_a-mallocr.o)
                0x200008cc                __malloc_max_sbrked_mem
 .bss.__malloc_top_pad
                0x200008d0        0x4 c:/program files (x86)/gnu tools arm embedded/4.8 2013q4/bin/../lib/gcc/arm-none-eabi/4.8.3/../../../../arm-none-eabi/lib/armv7e-m\libg.a(lib_a-mallocr.o)
                0x200008d0                __malloc_top_pad
 .bss.__malloc_current_mallinfo
                0x200008d4       0x28 c:/program files (x86)/gnu tools arm embedded/4.8 2013q4/bin/../lib/gcc/arm-none-eabi/4.8.3/../../../../arm-none-eabi/lib/armv7e-m\libg.a(lib_a-mallocr.o)
                0x200008d4                __malloc_current_mallinfo
 *(COMMON)
 COMMON         0x200008fc    0x12cfc ..\obj\Draw_request.o
                0x200008fc                VGA
                0x20000908                VGA_RAM1
 COMMON         0x200135f8       0x64 ..\obj\uart.o
                0x200135f8                string
 COMMON         0x2001365c        0x4 c:/program files (x86)/gnu tools arm embedded/4.8 2013q4/bin/../lib/gcc/arm-none-eabi/4.8.3/../../../../arm-none-eabi/lib/armv7e-m\libg.a(lib_a-reent.o)
                0x2001365c                errno
                0x20013660                . = ALIGN (0x4)
                0x20013660                __bss_end__ = .
                0x20013660                _ebss = __bss_end__

.heap           0x20013660        0x0
                0x20013660                __end__ = .
                0x20013660                _end = __end__
                0x20013660                end = __end__
 *(.heap*)
                0x20013660                __HeapLimit = .

.co_stack       0x20013660      0x800 load address 0x0801bca0
                0x20013660                . = ALIGN (0x8)
 *(.co_stack .co_stack.*)
 .co_stack      0x20013660      0x800 ..\obj\startup_stm32f4xx.o
                0x20013660                pulStack
                0x20020000                __StackTop = (ORIGIN (ram) + 0x20000)
                0x2001f800                __StackLimit = (__StackTop - SIZEOF (.co_stack))
                0x20020000                PROVIDE (__stack, __StackTop)
                0x00000001                ASSERT ((__StackLimit >= __HeapLimit), region ram  overflowed with stack)
LOAD ..\obj\_Arial_italic_s72.o
LOAD ..\obj\stm32f4xx_usart.o
LOAD ..\obj\Draw_request.o
LOAD ..\obj\_Mistral_regular_s72.o
LOAD ..\obj\uart.o
LOAD ..\obj\_Rockwell_italic_s72.o
LOAD ..\obj\startup_stm32f4xx.o
LOAD ..\obj\_Rockwell_regular_s72.o
LOAD ..\obj\main.o
LOAD ..\obj\_Times_New_Roman_bold_s72.o
LOAD ..\obj\stm32f4xx_rcc.o
LOAD ..\obj\_Rockwell_bold_s72.o
LOAD ..\obj\_Georgia_regular_s72.o
LOAD ..\obj\draw_char.o
LOAD ..\obj\_Mistral_bold_s72.o
LOAD ..\obj\_Times_New_Roman_italic_s72.o
LOAD ..\obj\stm32f4xx_gpio.o
LOAD ..\obj\apllication.o
LOAD ..\obj\stm32f4xx_flash.o
LOAD ..\obj\_Arial_bold_s72.o
LOAD ..\obj\system_stm32f4xx.o
LOAD ..\obj\syscalls.o
LOAD ..\obj\stm32f4xx_dma.o
LOAD ..\obj\_Georgia_italic_s72.o
LOAD ..\obj\stm32_ub_vga_screen.o
LOAD ..\obj\misc.o
LOAD ..\obj\_Times_New_Roman_regular_s72.o
LOAD ..\obj\_Georgia_bold_s72.o
LOAD ..\obj\stm32f4xx_tim.o
LOAD ..\obj\_Arial_regular_s72.o
LOAD c:/program files (x86)/gnu tools arm embedded/4.8 2013q4/bin/../lib/gcc/arm-none-eabi/4.8.3/../../../../arm-none-eabi/lib/armv7e-m\libm.a
START GROUP
LOAD c:/program files (x86)/gnu tools arm embedded/4.8 2013q4/bin/../lib/gcc/arm-none-eabi/4.8.3/armv7e-m\libgcc.a
LOAD c:/program files (x86)/gnu tools arm embedded/4.8 2013q4/bin/../lib/gcc/arm-none-eabi/4.8.3/../../../../arm-none-eabi/lib/armv7e-m\libg.a
LOAD c:/program files (x86)/gnu tools arm embedded/4.8 2013q4/bin/../lib/gcc/arm-none-eabi/4.8.3/../../../../arm-none-eabi/lib/armv7e-m\libc.a
END GROUP
OUTPUT(VGA_Core.elf elf32-littlearm)

.debug_info     0x00000000     0x6ee5
 .debug_info    0x00000000      0x996 ..\obj\stm32f4xx_usart.o
 .debug_info    0x00000996      0x990 ..\obj\Draw_request.o
 .debug_info    0x00001326      0x944 ..\obj\uart.o
 .debug_info    0x00001c6a       0xed ..\obj\startup_stm32f4xx.o
 .debug_info    0x00001d57      0x160 ..\obj\main.o
 .debug_info    0x00001eb7      0xc21 ..\obj\stm32f4xx_rcc.o
 .debug_info    0x00002ad8      0x5d6 ..\obj\stm32f4xx_gpio.o
 .debug_info    0x000030ae      0x1d3 ..\obj\apllication.o
 .debug_info    0x00003281      0x566 ..\obj\system_stm32f4xx.o
 .debug_info    0x000037e7      0x3ee ..\obj\syscalls.o
 .debug_info    0x00003bd5      0x718 ..\obj\stm32f4xx_dma.o
 .debug_info    0x000042ed      0xaa7 ..\obj\stm32_ub_vga_screen.o
 .debug_info    0x00004d94      0x51c ..\obj\misc.o
 .debug_info    0x000052b0     0x1c35 ..\obj\stm32f4xx_tim.o

.debug_abbrev   0x00000000     0x130b
 .debug_abbrev  0x00000000      0x155 ..\obj\stm32f4xx_usart.o
 .debug_abbrev  0x00000155      0x1e6 ..\obj\Draw_request.o
 .debug_abbrev  0x0000033b      0x1bd ..\obj\uart.o
 .debug_abbrev  0x000004f8       0xb0 ..\obj\startup_stm32f4xx.o
 .debug_abbrev  0x000005a8       0xcf ..\obj\main.o
 .debug_abbrev  0x00000677      0x1e3 ..\obj\stm32f4xx_rcc.o
 .debug_abbrev  0x0000085a      0x1a3 ..\obj\stm32f4xx_gpio.o
 .debug_abbrev  0x000009fd      0x114 ..\obj\apllication.o
 .debug_abbrev  0x00000b11      0x136 ..\obj\system_stm32f4xx.o
 .debug_abbrev  0x00000c47       0xe2 ..\obj\syscalls.o
 .debug_abbrev  0x00000d29      0x155 ..\obj\stm32f4xx_dma.o
 .debug_abbrev  0x00000e7e      0x1c1 ..\obj\stm32_ub_vga_screen.o
 .debug_abbrev  0x0000103f      0x145 ..\obj\misc.o
 .debug_abbrev  0x00001184      0x187 ..\obj\stm32f4xx_tim.o

.debug_aranges  0x00000000      0x930
 .debug_aranges
                0x00000000      0x100 ..\obj\stm32f4xx_usart.o
 .debug_aranges
                0x00000100       0x78 ..\obj\Draw_request.o
 .debug_aranges
                0x00000178       0x68 ..\obj\uart.o
 .debug_aranges
                0x000001e0       0x28 ..\obj\startup_stm32f4xx.o
 .debug_aranges
                0x00000208       0x20 ..\obj\main.o
 .debug_aranges
                0x00000228      0x178 ..\obj\stm32f4xx_rcc.o
 .debug_aranges
                0x000003a0       0x88 ..\obj\stm32f4xx_gpio.o
 .debug_aranges
                0x00000428       0x30 ..\obj\apllication.o
 .debug_aranges
                0x00000458       0x30 ..\obj\system_stm32f4xx.o
 .debug_aranges
                0x00000488       0x60 ..\obj\syscalls.o
 .debug_aranges
                0x000004e8       0xb0 ..\obj\stm32f4xx_dma.o
 .debug_aranges
                0x00000598       0x60 ..\obj\stm32_ub_vga_screen.o
 .debug_aranges
                0x000005f8       0x40 ..\obj\misc.o
 .debug_aranges
                0x00000638      0x2f8 ..\obj\stm32f4xx_tim.o

.debug_ranges   0x00000000      0x850
 .debug_ranges  0x00000000       0xf0 ..\obj\stm32f4xx_usart.o
 .debug_ranges  0x000000f0       0x68 ..\obj\Draw_request.o
 .debug_ranges  0x00000158       0x58 ..\obj\uart.o
 .debug_ranges  0x000001b0       0x18 ..\obj\startup_stm32f4xx.o
 .debug_ranges  0x000001c8       0x10 ..\obj\main.o
 .debug_ranges  0x000001d8      0x168 ..\obj\stm32f4xx_rcc.o
 .debug_ranges  0x00000340       0x78 ..\obj\stm32f4xx_gpio.o
 .debug_ranges  0x000003b8       0x20 ..\obj\apllication.o
 .debug_ranges  0x000003d8       0x20 ..\obj\system_stm32f4xx.o
 .debug_ranges  0x000003f8       0x50 ..\obj\syscalls.o
 .debug_ranges  0x00000448       0xa0 ..\obj\stm32f4xx_dma.o
 .debug_ranges  0x000004e8       0x50 ..\obj\stm32_ub_vga_screen.o
 .debug_ranges  0x00000538       0x30 ..\obj\misc.o
 .debug_ranges  0x00000568      0x2e8 ..\obj\stm32f4xx_tim.o

.debug_line     0x00000000     0x30d5
 .debug_line    0x00000000      0x476 ..\obj\stm32f4xx_usart.o
 .debug_line    0x00000476      0x57a ..\obj\Draw_request.o
 .debug_line    0x000009f0      0x3b3 ..\obj\uart.o
 .debug_line    0x00000da3       0xad ..\obj\startup_stm32f4xx.o
 .debug_line    0x00000e50      0x16e ..\obj\main.o
 .debug_line    0x00000fbe      0x56e ..\obj\stm32f4xx_rcc.o
 .debug_line    0x0000152c      0x313 ..\obj\stm32f4xx_gpio.o
 .debug_line    0x0000183f      0x203 ..\obj\apllication.o
 .debug_line    0x00001a42      0x1a3 ..\obj\system_stm32f4xx.o
 .debug_line    0x00001be5      0x184 ..\obj\syscalls.o
 .debug_line    0x00001d69      0x3b0 ..\obj\stm32f4xx_dma.o
 .debug_line    0x00002119      0x36a ..\obj\stm32_ub_vga_screen.o
 .debug_line    0x00002483      0x219 ..\obj\misc.o
 .debug_line    0x0000269c      0xa39 ..\obj\stm32f4xx_tim.o

.debug_str      0x00000000     0x2e52
 .debug_str     0x00000000      0x610 ..\obj\stm32f4xx_usart.o
                                0x671 (size before relaxing)
 .debug_str     0x00000610      0x33e ..\obj\Draw_request.o
                                0x535 (size before relaxing)
 .debug_str     0x0000094e      0x84d ..\obj\uart.o
                                0xaef (size before relaxing)
 .debug_str     0x0000119b       0xbc ..\obj\startup_stm32f4xx.o
                                0x153 (size before relaxing)
 .debug_str     0x00001257       0x40 ..\obj\main.o
                                0x216 (size before relaxing)
 .debug_str     0x00001297      0x5ef ..\obj\stm32f4xx_rcc.o
                                0x832 (size before relaxing)
 .debug_str     0x00001886      0x1af ..\obj\stm32f4xx_gpio.o
                                0x485 (size before relaxing)
 .debug_str     0x00001a35       0xc7 ..\obj\apllication.o
                                0x29e (size before relaxing)
 .debug_str     0x00001afc      0x124 ..\obj\system_stm32f4xx.o
                                0x38c (size before relaxing)
 .debug_str     0x00001c20      0x16f ..\obj\syscalls.o
                                0x2eb (size before relaxing)
 .debug_str     0x00001d8f      0x3a3 ..\obj\stm32f4xx_dma.o
                                0x52e (size before relaxing)
 .debug_str     0x00002132      0x1a9 ..\obj\stm32_ub_vga_screen.o
                                0xcbf (size before relaxing)
 .debug_str     0x000022db      0x16d ..\obj\misc.o
                                0x3bb (size before relaxing)
 .debug_str     0x00002448      0xa0a ..\obj\stm32f4xx_tim.o
                                0xdb2 (size before relaxing)

.comment        0x00000000       0x70
 .comment       0x00000000       0x70 ..\obj\stm32f4xx_usart.o
                                 0x71 (size before relaxing)
 .comment       0x00000000       0x71 ..\obj\Draw_request.o
 .comment       0x00000000       0x71 ..\obj\uart.o
 .comment       0x00000000       0x71 ..\obj\startup_stm32f4xx.o
 .comment       0x00000000       0x71 ..\obj\main.o
 .comment       0x00000000       0x71 ..\obj\stm32f4xx_rcc.o
 .comment       0x00000000       0x71 ..\obj\stm32f4xx_gpio.o
 .comment       0x00000000       0x71 ..\obj\apllication.o
 .comment       0x00000000       0x71 ..\obj\system_stm32f4xx.o
 .comment       0x00000000       0x71 ..\obj\syscalls.o
 .comment       0x00000000       0x71 ..\obj\stm32f4xx_dma.o
 .comment       0x00000000       0x71 ..\obj\stm32_ub_vga_screen.o
 .comment       0x00000000       0x71 ..\obj\misc.o
 .comment       0x00000000       0x71 ..\obj\stm32f4xx_tim.o

.ARM.attributes
                0x00000000       0x31
 .ARM.attributes
                0x00000000       0x33 ..\obj\stm32f4xx_usart.o
 .ARM.attributes
                0x00000033       0x33 ..\obj\Draw_request.o
 .ARM.attributes
                0x00000066       0x33 ..\obj\uart.o
 .ARM.attributes
                0x00000099       0x33 ..\obj\startup_stm32f4xx.o
 .ARM.attributes
                0x000000cc       0x33 ..\obj\main.o
 .ARM.attributes
                0x000000ff       0x33 ..\obj\stm32f4xx_rcc.o
 .ARM.attributes
                0x00000132       0x33 ..\obj\stm32f4xx_gpio.o
 .ARM.attributes
                0x00000165       0x33 ..\obj\apllication.o
 .ARM.attributes
                0x00000198       0x33 ..\obj\system_stm32f4xx.o
 .ARM.attributes
                0x000001cb       0x33 ..\obj\syscalls.o
 .ARM.attributes
                0x000001fe       0x33 ..\obj\stm32f4xx_dma.o
 .ARM.attributes
                0x00000231       0x33 ..\obj\stm32_ub_vga_screen.o
 .ARM.attributes
                0x00000264       0x33 ..\obj\misc.o
 .ARM.attributes
                0x00000297       0x33 ..\obj\stm32f4xx_tim.o
 .ARM.attributes
                0x000002ca       0x2e c:/program files (x86)/gnu tools arm embedded/4.8 2013q4/bin/../lib/gcc/arm-none-eabi/4.8.3/../../../../arm-none-eabi/lib/armv7e-m\libm.a(lib_a-s_fpclassify.o)
 .ARM.attributes
                0x000002f8       0x1e c:/program files (x86)/gnu tools arm embedded/4.8 2013q4/bin/../lib/gcc/arm-none-eabi/4.8.3/armv7e-m\libgcc.a(_arm_addsubdf3.o)
 .ARM.attributes
                0x00000316       0x1e c:/program files (x86)/gnu tools arm embedded/4.8 2013q4/bin/../lib/gcc/arm-none-eabi/4.8.3/armv7e-m\libgcc.a(_arm_muldivdf3.o)
 .ARM.attributes
                0x00000334       0x1e c:/program files (x86)/gnu tools arm embedded/4.8 2013q4/bin/../lib/gcc/arm-none-eabi/4.8.3/armv7e-m\libgcc.a(_arm_cmpdf2.o)
 .ARM.attributes
                0x00000352       0x1e c:/program files (x86)/gnu tools arm embedded/4.8 2013q4/bin/../lib/gcc/arm-none-eabi/4.8.3/armv7e-m\libgcc.a(_arm_fixdfsi.o)
 .ARM.attributes
                0x00000370       0x2e c:/program files (x86)/gnu tools arm embedded/4.8 2013q4/bin/../lib/gcc/arm-none-eabi/4.8.3/../../../../arm-none-eabi/lib/armv7e-m\libg.a(lib_a-impure.o)
 .ARM.attributes
                0x0000039e       0x2e c:/program files (x86)/gnu tools arm embedded/4.8 2013q4/bin/../lib/gcc/arm-none-eabi/4.8.3/../../../../arm-none-eabi/lib/armv7e-m\libg.a(lib_a-printf.o)
 .ARM.attributes
                0x000003cc       0x2e c:/program files (x86)/gnu tools arm embedded/4.8 2013q4/bin/../lib/gcc/arm-none-eabi/4.8.3/../../../../arm-none-eabi/lib/armv7e-m\libg.a(lib_a-strlen.o)
 .ARM.attributes
                0x000003fa       0x2e c:/program files (x86)/gnu tools arm embedded/4.8 2013q4/bin/../lib/gcc/arm-none-eabi/4.8.3/../../../../arm-none-eabi/lib/armv7e-m\libg.a(lib_a-vfprintf.o)
 .ARM.attributes
                0x00000428       0x2e c:/program files (x86)/gnu tools arm embedded/4.8 2013q4/bin/../lib/gcc/arm-none-eabi/4.8.3/../../../../arm-none-eabi/lib/armv7e-m\libg.a(lib_a-wsetup.o)
 .ARM.attributes
                0x00000456       0x2e c:/program files (x86)/gnu tools arm embedded/4.8 2013q4/bin/../lib/gcc/arm-none-eabi/4.8.3/../../../../arm-none-eabi/lib/armv7e-m\libg.a(lib_a-dtoa.o)
 .ARM.attributes
                0x00000484       0x2e c:/program files (x86)/gnu tools arm embedded/4.8 2013q4/bin/../lib/gcc/arm-none-eabi/4.8.3/../../../../arm-none-eabi/lib/armv7e-m\libg.a(lib_a-fflush.o)
 .ARM.attributes
                0x000004b2       0x2e c:/program files (x86)/gnu tools arm embedded/4.8 2013q4/bin/../lib/gcc/arm-none-eabi/4.8.3/../../../../arm-none-eabi/lib/armv7e-m\libg.a(lib_a-findfp.o)
 .ARM.attributes
                0x000004e0       0x2e c:/program files (x86)/gnu tools arm embedded/4.8 2013q4/bin/../lib/gcc/arm-none-eabi/4.8.3/../../../../arm-none-eabi/lib/armv7e-m\libg.a(lib_a-freer.o)
 .ARM.attributes
                0x0000050e       0x2e c:/program files (x86)/gnu tools arm embedded/4.8 2013q4/bin/../lib/gcc/arm-none-eabi/4.8.3/../../../../arm-none-eabi/lib/armv7e-m\libg.a(lib_a-fwalk.o)
 .ARM.attributes
                0x0000053c       0x2e c:/program files (x86)/gnu tools arm embedded/4.8 2013q4/bin/../lib/gcc/arm-none-eabi/4.8.3/../../../../arm-none-eabi/lib/armv7e-m\libg.a(lib_a-locale.o)
 .ARM.attributes
                0x0000056a       0x2e c:/program files (x86)/gnu tools arm embedded/4.8 2013q4/bin/../lib/gcc/arm-none-eabi/4.8.3/../../../../arm-none-eabi/lib/armv7e-m\libg.a(lib_a-makebuf.o)
 .ARM.attributes
                0x00000598       0x2e c:/program files (x86)/gnu tools arm embedded/4.8 2013q4/bin/../lib/gcc/arm-none-eabi/4.8.3/../../../../arm-none-eabi/lib/armv7e-m\libg.a(lib_a-mallocr.o)
 .ARM.attributes
                0x000005c6       0x2e c:/program files (x86)/gnu tools arm embedded/4.8 2013q4/bin/../lib/gcc/arm-none-eabi/4.8.3/../../../../arm-none-eabi/lib/armv7e-m\libg.a(lib_a-memchr-stub.o)
 .ARM.attributes
                0x000005f4       0x1c c:/program files (x86)/gnu tools arm embedded/4.8 2013q4/bin/../lib/gcc/arm-none-eabi/4.8.3/../../../../arm-none-eabi/lib/armv7e-m\libg.a(lib_a-memcpy.o)
 .ARM.attributes
                0x00000610       0x2e c:/program files (x86)/gnu tools arm embedded/4.8 2013q4/bin/../lib/gcc/arm-none-eabi/4.8.3/../../../../arm-none-eabi/lib/armv7e-m\libg.a(lib_a-memset.o)
 .ARM.attributes
                0x0000063e       0x2e c:/program files (x86)/gnu tools arm embedded/4.8 2013q4/bin/../lib/gcc/arm-none-eabi/4.8.3/../../../../arm-none-eabi/lib/armv7e-m\libg.a(lib_a-mlock.o)
 .ARM.attributes
                0x0000066c       0x2e c:/program files (x86)/gnu tools arm embedded/4.8 2013q4/bin/../lib/gcc/arm-none-eabi/4.8.3/../../../../arm-none-eabi/lib/armv7e-m\libg.a(lib_a-mprec.o)
 .ARM.attributes
                0x0000069a       0x2e c:/program files (x86)/gnu tools arm embedded/4.8 2013q4/bin/../lib/gcc/arm-none-eabi/4.8.3/../../../../arm-none-eabi/lib/armv7e-m\libg.a(lib_a-sbrkr.o)
 .ARM.attributes
                0x000006c8       0x2e c:/program files (x86)/gnu tools arm embedded/4.8 2013q4/bin/../lib/gcc/arm-none-eabi/4.8.3/../../../../arm-none-eabi/lib/armv7e-m\libg.a(lib_a-stdio.o)
 .ARM.attributes
                0x000006f6       0x2e c:/program files (x86)/gnu tools arm embedded/4.8 2013q4/bin/../lib/gcc/arm-none-eabi/4.8.3/../../../../arm-none-eabi/lib/armv7e-m\libg.a(lib_a-vfiprintf.o)
 .ARM.attributes
                0x00000724       0x2e c:/program files (x86)/gnu tools arm embedded/4.8 2013q4/bin/../lib/gcc/arm-none-eabi/4.8.3/../../../../arm-none-eabi/lib/armv7e-m\libg.a(lib_a-writer.o)
 .ARM.attributes
                0x00000752       0x2e c:/program files (x86)/gnu tools arm embedded/4.8 2013q4/bin/../lib/gcc/arm-none-eabi/4.8.3/../../../../arm-none-eabi/lib/armv7e-m\libg.a(lib_a-callocr.o)
 .ARM.attributes
                0x00000780       0x2e c:/program files (x86)/gnu tools arm embedded/4.8 2013q4/bin/../lib/gcc/arm-none-eabi/4.8.3/../../../../arm-none-eabi/lib/armv7e-m\libg.a(lib_a-closer.o)
 .ARM.attributes
                0x000007ae       0x2e c:/program files (x86)/gnu tools arm embedded/4.8 2013q4/bin/../lib/gcc/arm-none-eabi/4.8.3/../../../../arm-none-eabi/lib/armv7e-m\libg.a(lib_a-fclose.o)
 .ARM.attributes
                0x000007dc       0x2e c:/program files (x86)/gnu tools arm embedded/4.8 2013q4/bin/../lib/gcc/arm-none-eabi/4.8.3/../../../../arm-none-eabi/lib/armv7e-m\libg.a(lib_a-fputwc.o)
 .ARM.attributes
                0x0000080a       0x2e c:/program files (x86)/gnu tools arm embedded/4.8 2013q4/bin/../lib/gcc/arm-none-eabi/4.8.3/../../../../arm-none-eabi/lib/armv7e-m\libg.a(lib_a-fstatr.o)
 .ARM.attributes
                0x00000838       0x2e c:/program files (x86)/gnu tools arm embedded/4.8 2013q4/bin/../lib/gcc/arm-none-eabi/4.8.3/../../../../arm-none-eabi/lib/armv7e-m\libg.a(lib_a-fvwrite.o)
 .ARM.attributes
                0x00000866       0x2e c:/program files (x86)/gnu tools arm embedded/4.8 2013q4/bin/../lib/gcc/arm-none-eabi/4.8.3/../../../../arm-none-eabi/lib/armv7e-m\libg.a(lib_a-isattyr.o)
 .ARM.attributes
                0x00000894       0x2e c:/program files (x86)/gnu tools arm embedded/4.8 2013q4/bin/../lib/gcc/arm-none-eabi/4.8.3/../../../../arm-none-eabi/lib/armv7e-m\libg.a(lib_a-lseekr.o)
 .ARM.attributes
                0x000008c2       0x2e c:/program files (x86)/gnu tools arm embedded/4.8 2013q4/bin/../lib/gcc/arm-none-eabi/4.8.3/../../../../arm-none-eabi/lib/armv7e-m\libg.a(lib_a-memmove.o)
 .ARM.attributes
                0x000008f0       0x2e c:/program files (x86)/gnu tools arm embedded/4.8 2013q4/bin/../lib/gcc/arm-none-eabi/4.8.3/../../../../arm-none-eabi/lib/armv7e-m\libg.a(lib_a-readr.o)
 .ARM.attributes
                0x0000091e       0x2e c:/program files (x86)/gnu tools arm embedded/4.8 2013q4/bin/../lib/gcc/arm-none-eabi/4.8.3/../../../../arm-none-eabi/lib/armv7e-m\libg.a(lib_a-reallocr.o)
 .ARM.attributes
                0x0000094c       0x2e c:/program files (x86)/gnu tools arm embedded/4.8 2013q4/bin/../lib/gcc/arm-none-eabi/4.8.3/../../../../arm-none-eabi/lib/armv7e-m\libg.a(lib_a-reent.o)
 .ARM.attributes
                0x0000097a       0x2e c:/program files (x86)/gnu tools arm embedded/4.8 2013q4/bin/../lib/gcc/arm-none-eabi/4.8.3/../../../../arm-none-eabi/lib/armv7e-m\libg.a(lib_a-wbuf.o)
 .ARM.attributes
                0x000009a8       0x2e c:/program files (x86)/gnu tools arm embedded/4.8 2013q4/bin/../lib/gcc/arm-none-eabi/4.8.3/../../../../arm-none-eabi/lib/armv7e-m\libg.a(lib_a-wcrtomb.o)
 .ARM.attributes
                0x000009d6       0x2e c:/program files (x86)/gnu tools arm embedded/4.8 2013q4/bin/../lib/gcc/arm-none-eabi/4.8.3/../../../../arm-none-eabi/lib/armv7e-m\libg.a(lib_a-wctomb_r.o)
 .ARM.attributes
                0x00000a04       0x1e c:/program files (x86)/gnu tools arm embedded/4.8 2013q4/bin/../lib/gcc/arm-none-eabi/4.8.3/armv7e-m\libgcc.a(_aeabi_uldivmod.o)
 .ARM.attributes
                0x00000a22       0x2e c:/program files (x86)/gnu tools arm embedded/4.8 2013q4/bin/../lib/gcc/arm-none-eabi/4.8.3/armv7e-m\libgcc.a(bpabi.o)
 .ARM.attributes
                0x00000a50       0x1e c:/program files (x86)/gnu tools arm embedded/4.8 2013q4/bin/../lib/gcc/arm-none-eabi/4.8.3/armv7e-m\libgcc.a(_dvmd_tls.o)
 .ARM.attributes
                0x00000a6e       0x2e c:/program files (x86)/gnu tools arm embedded/4.8 2013q4/bin/../lib/gcc/arm-none-eabi/4.8.3/armv7e-m\libgcc.a(_divdi3.o)
 .ARM.attributes
                0x00000a9c       0x2e c:/program files (x86)/gnu tools arm embedded/4.8 2013q4/bin/../lib/gcc/arm-none-eabi/4.8.3/armv7e-m\libgcc.a(_udivdi3.o)

.debug_frame    0x00000000     0x2a2c
 .debug_frame   0x00000000      0x344 ..\obj\stm32f4xx_usart.o
 .debug_frame   0x00000344      0x1a4 ..\obj\Draw_request.o
 .debug_frame   0x000004e8      0x160 ..\obj\uart.o
 .debug_frame   0x00000648       0x48 ..\obj\startup_stm32f4xx.o
 .debug_frame   0x00000690       0x2c ..\obj\main.o
 .debug_frame   0x000006bc      0x4d8 ..\obj\stm32f4xx_rcc.o
 .debug_frame   0x00000b94      0x19c ..\obj\stm32f4xx_gpio.o
 .debug_frame   0x00000d30       0x68 ..\obj\apllication.o
 .debug_frame   0x00000d98       0x64 ..\obj\system_stm32f4xx.o
 .debug_frame   0x00000dfc      0x108 ..\obj\syscalls.o
 .debug_frame   0x00000f04      0x224 ..\obj\stm32f4xx_dma.o
 .debug_frame   0x00001128      0x124 ..\obj\stm32_ub_vga_screen.o
 .debug_frame   0x0000124c       0x9c ..\obj\misc.o
 .debug_frame   0x000012e8      0xa3c ..\obj\stm32f4xx_tim.o
 .debug_frame   0x00001d24       0x28 c:/program files (x86)/gnu tools arm embedded/4.8 2013q4/bin/../lib/gcc/arm-none-eabi/4.8.3/../../../../arm-none-eabi/lib/armv7e-m\libm.a(lib_a-s_fpclassify.o)
 .debug_frame   0x00001d4c       0x58 c:/program files (x86)/gnu tools arm embedded/4.8 2013q4/bin/../lib/gcc/arm-none-eabi/4.8.3/../../../../arm-none-eabi/lib/armv7e-m\libg.a(lib_a-printf.o)
 .debug_frame   0x00001da4       0x20 c:/program files (x86)/gnu tools arm embedded/4.8 2013q4/bin/../lib/gcc/arm-none-eabi/4.8.3/../../../../arm-none-eabi/lib/armv7e-m\libg.a(lib_a-strlen.o)
 .debug_frame   0x00001dc4       0x7c c:/program files (x86)/gnu tools arm embedded/4.8 2013q4/bin/../lib/gcc/arm-none-eabi/4.8.3/../../../../arm-none-eabi/lib/armv7e-m\libg.a(lib_a-vfprintf.o)
 .debug_frame   0x00001e40       0x2c c:/program files (x86)/gnu tools arm embedded/4.8 2013q4/bin/../lib/gcc/arm-none-eabi/4.8.3/../../../../arm-none-eabi/lib/armv7e-m\libg.a(lib_a-wsetup.o)
 .debug_frame   0x00001e6c       0x64 c:/program files (x86)/gnu tools arm embedded/4.8 2013q4/bin/../lib/gcc/arm-none-eabi/4.8.3/../../../../arm-none-eabi/lib/armv7e-m\libg.a(lib_a-dtoa.o)
 .debug_frame   0x00001ed0       0x5c c:/program files (x86)/gnu tools arm embedded/4.8 2013q4/bin/../lib/gcc/arm-none-eabi/4.8.3/../../../../arm-none-eabi/lib/armv7e-m\libg.a(lib_a-fflush.o)
 .debug_frame   0x00001f2c      0x110 c:/program files (x86)/gnu tools arm embedded/4.8 2013q4/bin/../lib/gcc/arm-none-eabi/4.8.3/../../../../arm-none-eabi/lib/armv7e-m\libg.a(lib_a-findfp.o)
 .debug_frame   0x0000203c       0x50 c:/program files (x86)/gnu tools arm embedded/4.8 2013q4/bin/../lib/gcc/arm-none-eabi/4.8.3/../../../../arm-none-eabi/lib/armv7e-m\libg.a(lib_a-freer.o)
 .debug_frame   0x0000208c       0x54 c:/program files (x86)/gnu tools arm embedded/4.8 2013q4/bin/../lib/gcc/arm-none-eabi/4.8.3/../../../../arm-none-eabi/lib/armv7e-m\libg.a(lib_a-fwalk.o)
 .debug_frame   0x000020e0       0x98 c:/program files (x86)/gnu tools arm embedded/4.8 2013q4/bin/../lib/gcc/arm-none-eabi/4.8.3/../../../../arm-none-eabi/lib/armv7e-m\libg.a(lib_a-locale.o)
 .debug_frame   0x00002178       0x30 c:/program files (x86)/gnu tools arm embedded/4.8 2013q4/bin/../lib/gcc/arm-none-eabi/4.8.3/../../../../arm-none-eabi/lib/armv7e-m\libg.a(lib_a-makebuf.o)
 .debug_frame   0x000021a8       0x38 c:/program files (x86)/gnu tools arm embedded/4.8 2013q4/bin/../lib/gcc/arm-none-eabi/4.8.3/../../../../arm-none-eabi/lib/armv7e-m\libg.a(lib_a-mallocr.o)
 .debug_frame   0x000021e0       0x2c c:/program files (x86)/gnu tools arm embedded/4.8 2013q4/bin/../lib/gcc/arm-none-eabi/4.8.3/../../../../arm-none-eabi/lib/armv7e-m\libg.a(lib_a-memchr-stub.o)
 .debug_frame   0x0000220c       0x2c c:/program files (x86)/gnu tools arm embedded/4.8 2013q4/bin/../lib/gcc/arm-none-eabi/4.8.3/../../../../arm-none-eabi/lib/armv7e-m\libg.a(lib_a-memset.o)
 .debug_frame   0x00002238       0x30 c:/program files (x86)/gnu tools arm embedded/4.8 2013q4/bin/../lib/gcc/arm-none-eabi/4.8.3/../../../../arm-none-eabi/lib/armv7e-m\libg.a(lib_a-mlock.o)
 .debug_frame   0x00002268      0x22c c:/program files (x86)/gnu tools arm embedded/4.8 2013q4/bin/../lib/gcc/arm-none-eabi/4.8.3/../../../../arm-none-eabi/lib/armv7e-m\libg.a(lib_a-mprec.o)
 .debug_frame   0x00002494       0x2c c:/program files (x86)/gnu tools arm embedded/4.8 2013q4/bin/../lib/gcc/arm-none-eabi/4.8.3/../../../../arm-none-eabi/lib/armv7e-m\libg.a(lib_a-sbrkr.o)
 .debug_frame   0x000024c0       0x80 c:/program files (x86)/gnu tools arm embedded/4.8 2013q4/bin/../lib/gcc/arm-none-eabi/4.8.3/../../../../arm-none-eabi/lib/armv7e-m\libg.a(lib_a-stdio.o)
 .debug_frame   0x00002540       0xb8 c:/program files (x86)/gnu tools arm embedded/4.8 2013q4/bin/../lib/gcc/arm-none-eabi/4.8.3/../../../../arm-none-eabi/lib/armv7e-m\libg.a(lib_a-vfiprintf.o)
 .debug_frame   0x000025f8       0x2c c:/program files (x86)/gnu tools arm embedded/4.8 2013q4/bin/../lib/gcc/arm-none-eabi/4.8.3/../../../../arm-none-eabi/lib/armv7e-m\libg.a(lib_a-writer.o)
 .debug_frame   0x00002624       0x28 c:/program files (x86)/gnu tools arm embedded/4.8 2013q4/bin/../lib/gcc/arm-none-eabi/4.8.3/../../../../arm-none-eabi/lib/armv7e-m\libg.a(lib_a-callocr.o)
 .debug_frame   0x0000264c       0x2c c:/program files (x86)/gnu tools arm embedded/4.8 2013q4/bin/../lib/gcc/arm-none-eabi/4.8.3/../../../../arm-none-eabi/lib/armv7e-m\libg.a(lib_a-closer.o)
 .debug_frame   0x00002678       0x3c c:/program files (x86)/gnu tools arm embedded/4.8 2013q4/bin/../lib/gcc/arm-none-eabi/4.8.3/../../../../arm-none-eabi/lib/armv7e-m\libg.a(lib_a-fclose.o)
 .debug_frame   0x000026b4       0x50 c:/program files (x86)/gnu tools arm embedded/4.8 2013q4/bin/../lib/gcc/arm-none-eabi/4.8.3/../../../../arm-none-eabi/lib/armv7e-m\libg.a(lib_a-fputwc.o)
 .debug_frame   0x00002704       0x2c c:/program files (x86)/gnu tools arm embedded/4.8 2013q4/bin/../lib/gcc/arm-none-eabi/4.8.3/../../../../arm-none-eabi/lib/armv7e-m\libg.a(lib_a-fstatr.o)
 .debug_frame   0x00002730       0x38 c:/program files (x86)/gnu tools arm embedded/4.8 2013q4/bin/../lib/gcc/arm-none-eabi/4.8.3/../../../../arm-none-eabi/lib/armv7e-m\libg.a(lib_a-fvwrite.o)
 .debug_frame   0x00002768       0x2c c:/program files (x86)/gnu tools arm embedded/4.8 2013q4/bin/../lib/gcc/arm-none-eabi/4.8.3/../../../../arm-none-eabi/lib/armv7e-m\libg.a(lib_a-isattyr.o)
 .debug_frame   0x00002794       0x2c c:/program files (x86)/gnu tools arm embedded/4.8 2013q4/bin/../lib/gcc/arm-none-eabi/4.8.3/../../../../arm-none-eabi/lib/armv7e-m\libg.a(lib_a-lseekr.o)
 .debug_frame   0x000027c0       0x2c c:/program files (x86)/gnu tools arm embedded/4.8 2013q4/bin/../lib/gcc/arm-none-eabi/4.8.3/../../../../arm-none-eabi/lib/armv7e-m\libg.a(lib_a-memmove.o)
 .debug_frame   0x000027ec       0x2c c:/program files (x86)/gnu tools arm embedded/4.8 2013q4/bin/../lib/gcc/arm-none-eabi/4.8.3/../../../../arm-none-eabi/lib/armv7e-m\libg.a(lib_a-readr.o)
 .debug_frame   0x00002818       0x38 c:/program files (x86)/gnu tools arm embedded/4.8 2013q4/bin/../lib/gcc/arm-none-eabi/4.8.3/../../../../arm-none-eabi/lib/armv7e-m\libg.a(lib_a-reallocr.o)
 .debug_frame   0x00002850       0x48 c:/program files (x86)/gnu tools arm embedded/4.8 2013q4/bin/../lib/gcc/arm-none-eabi/4.8.3/../../../../arm-none-eabi/lib/armv7e-m\libg.a(lib_a-reent.o)
 .debug_frame   0x00002898       0x40 c:/program files (x86)/gnu tools arm embedded/4.8 2013q4/bin/../lib/gcc/arm-none-eabi/4.8.3/../../../../arm-none-eabi/lib/armv7e-m\libg.a(lib_a-wbuf.o)
 .debug_frame   0x000028d8       0x58 c:/program files (x86)/gnu tools arm embedded/4.8 2013q4/bin/../lib/gcc/arm-none-eabi/4.8.3/../../../../arm-none-eabi/lib/armv7e-m\libg.a(lib_a-wcrtomb.o)
 .debug_frame   0x00002930       0x44 c:/program files (x86)/gnu tools arm embedded/4.8 2013q4/bin/../lib/gcc/arm-none-eabi/4.8.3/../../../../arm-none-eabi/lib/armv7e-m\libg.a(lib_a-wctomb_r.o)
 .debug_frame   0x00002974       0x50 c:/program files (x86)/gnu tools arm embedded/4.8 2013q4/bin/../lib/gcc/arm-none-eabi/4.8.3/armv7e-m\libgcc.a(bpabi.o)
 .debug_frame   0x000029c4       0x34 c:/program files (x86)/gnu tools arm embedded/4.8 2013q4/bin/../lib/gcc/arm-none-eabi/4.8.3/armv7e-m\libgcc.a(_divdi3.o)
 .debug_frame   0x000029f8       0x34 c:/program files (x86)/gnu tools arm embedded/4.8 2013q4/bin/../lib/gcc/arm-none-eabi/4.8.3/armv7e-m\libgcc.a(_udivdi3.o)
