Archive member included because of file (symbol)

c:/coocox/coide/toolchain/bin/../lib/gcc/arm-none-eabi/4.8.3/../../../../arm-none-eabi/lib/armv7e-m\libm.a(lib_a-w_sqrt.o)
                              ..\obj\Draw_request.o (sqrt)
c:/coocox/coide/toolchain/bin/../lib/gcc/arm-none-eabi/4.8.3/../../../../arm-none-eabi/lib/armv7e-m\libm.a(lib_a-e_sqrt.o)
                              c:/coocox/coide/toolchain/bin/../lib/gcc/arm-none-eabi/4.8.3/../../../../arm-none-eabi/lib/armv7e-m\libm.a(lib_a-w_sqrt.o) (__ieee754_sqrt)
c:/coocox/coide/toolchain/bin/../lib/gcc/arm-none-eabi/4.8.3/../../../../arm-none-eabi/lib/armv7e-m\libm.a(lib_a-s_fpclassify.o)
                              c:/coocox/coide/toolchain/bin/../lib/gcc/arm-none-eabi/4.8.3/../../../../arm-none-eabi/lib/armv7e-m\libm.a(lib_a-w_sqrt.o) (__fpclassifyd)
c:/coocox/coide/toolchain/bin/../lib/gcc/arm-none-eabi/4.8.3/../../../../arm-none-eabi/lib/armv7e-m\libm.a(lib_a-s_lib_ver.o)
                              c:/coocox/coide/toolchain/bin/../lib/gcc/arm-none-eabi/4.8.3/../../../../arm-none-eabi/lib/armv7e-m\libm.a(lib_a-w_sqrt.o) (__fdlib_version)
c:/coocox/coide/toolchain/bin/../lib/gcc/arm-none-eabi/4.8.3/../../../../arm-none-eabi/lib/armv7e-m\libm.a(lib_a-s_matherr.o)
                              c:/coocox/coide/toolchain/bin/../lib/gcc/arm-none-eabi/4.8.3/../../../../arm-none-eabi/lib/armv7e-m\libm.a(lib_a-w_sqrt.o) (matherr)
c:/coocox/coide/toolchain/bin/../lib/gcc/arm-none-eabi/4.8.3/armv7e-m\libgcc.a(_arm_addsubdf3.o)
                              ..\obj\Draw_request.o (__aeabi_dsub)
c:/coocox/coide/toolchain/bin/../lib/gcc/arm-none-eabi/4.8.3/armv7e-m\libgcc.a(_arm_muldivdf3.o)
                              ..\obj\apllication.o (__aeabi_dmul)
c:/coocox/coide/toolchain/bin/../lib/gcc/arm-none-eabi/4.8.3/armv7e-m\libgcc.a(_arm_cmpdf2.o)
                              c:/coocox/coide/toolchain/bin/../lib/gcc/arm-none-eabi/4.8.3/../../../../arm-none-eabi/lib/armv7e-m\libm.a(lib_a-w_sqrt.o) (__aeabi_dcmplt)
c:/coocox/coide/toolchain/bin/../lib/gcc/arm-none-eabi/4.8.3/armv7e-m\libgcc.a(_arm_fixdfsi.o)
                              ..\obj\Draw_request.o (__aeabi_d2iz)
c:/coocox/coide/toolchain/bin/../lib/gcc/arm-none-eabi/4.8.3/../../../../arm-none-eabi/lib/armv7e-m\libg.a(lib_a-errno.o)
                              c:/coocox/coide/toolchain/bin/../lib/gcc/arm-none-eabi/4.8.3/../../../../arm-none-eabi/lib/armv7e-m\libm.a(lib_a-w_sqrt.o) (__errno)
c:/coocox/coide/toolchain/bin/../lib/gcc/arm-none-eabi/4.8.3/../../../../arm-none-eabi/lib/armv7e-m\libg.a(lib_a-impure.o)
                              c:/coocox/coide/toolchain/bin/../lib/gcc/arm-none-eabi/4.8.3/../../../../arm-none-eabi/lib/armv7e-m\libg.a(lib_a-errno.o) (_impure_ptr)
c:/coocox/coide/toolchain/bin/../lib/gcc/arm-none-eabi/4.8.3/../../../../arm-none-eabi/lib/armv7e-m\libg.a(lib_a-printf.o)
                              ..\obj\Draw_request.o (printf)
c:/coocox/coide/toolchain/bin/../lib/gcc/arm-none-eabi/4.8.3/../../../../arm-none-eabi/lib/armv7e-m\libg.a(lib_a-vfprintf.o)
                              c:/coocox/coide/toolchain/bin/../lib/gcc/arm-none-eabi/4.8.3/../../../../arm-none-eabi/lib/armv7e-m\libg.a(lib_a-printf.o) (_vfprintf_r)
c:/coocox/coide/toolchain/bin/../lib/gcc/arm-none-eabi/4.8.3/../../../../arm-none-eabi/lib/armv7e-m\libg.a(lib_a-wsetup.o)
                              c:/coocox/coide/toolchain/bin/../lib/gcc/arm-none-eabi/4.8.3/../../../../arm-none-eabi/lib/armv7e-m\libg.a(lib_a-vfprintf.o) (__swsetup_r)
c:/coocox/coide/toolchain/bin/../lib/gcc/arm-none-eabi/4.8.3/../../../../arm-none-eabi/lib/armv7e-m\libg.a(lib_a-dtoa.o)
                              c:/coocox/coide/toolchain/bin/../lib/gcc/arm-none-eabi/4.8.3/../../../../arm-none-eabi/lib/armv7e-m\libg.a(lib_a-vfprintf.o) (_dtoa_r)
c:/coocox/coide/toolchain/bin/../lib/gcc/arm-none-eabi/4.8.3/../../../../arm-none-eabi/lib/armv7e-m\libg.a(lib_a-fflush.o)
                              c:/coocox/coide/toolchain/bin/../lib/gcc/arm-none-eabi/4.8.3/../../../../arm-none-eabi/lib/armv7e-m\libg.a(lib_a-vfprintf.o) (_fflush_r)
c:/coocox/coide/toolchain/bin/../lib/gcc/arm-none-eabi/4.8.3/../../../../arm-none-eabi/lib/armv7e-m\libg.a(lib_a-findfp.o)
                              c:/coocox/coide/toolchain/bin/../lib/gcc/arm-none-eabi/4.8.3/../../../../arm-none-eabi/lib/armv7e-m\libg.a(lib_a-vfprintf.o) (__sinit)
c:/coocox/coide/toolchain/bin/../lib/gcc/arm-none-eabi/4.8.3/../../../../arm-none-eabi/lib/armv7e-m\libg.a(lib_a-freer.o)
                              c:/coocox/coide/toolchain/bin/../lib/gcc/arm-none-eabi/4.8.3/../../../../arm-none-eabi/lib/armv7e-m\libg.a(lib_a-wsetup.o) (_free_r)
c:/coocox/coide/toolchain/bin/../lib/gcc/arm-none-eabi/4.8.3/../../../../arm-none-eabi/lib/armv7e-m\libg.a(lib_a-fwalk.o)
                              c:/coocox/coide/toolchain/bin/../lib/gcc/arm-none-eabi/4.8.3/../../../../arm-none-eabi/lib/armv7e-m\libg.a(lib_a-findfp.o) (_fwalk)
[...]
Memory Configuration

Name             Origin             Length             Attributes
rom              0x08000000         0x00100000         xr
ram              0x20000000         0x00020000         xrw
ram1             0x10000000         0x00010000         xrw
*default*        0x00000000         0xffffffff

Linker script and memory map

                0x20020000                _eram = 0x20020000

.text           0x08000000    0x1a2c8
 *(.isr_vector)
 .isr_vector    0x08000000      0x188 ..\obj\startup_stm32f4xx.o
                0x08000000                g_pfnVectors
 *(.text*)
 .text.TIMER3_Initialize
                0x08000188       0x64 ..\obj\Draw_request.o
                0x08000188                TIMER3_Initialize
 .text.wait_msec
                0x080001ec       0x2c ..\obj\Draw_request.o
                0x080001ec                wait_msec
 .text.DrawVerLine
                0x08000218       0x68 ..\obj\Draw_request.o
                0x08000218                DrawVerLine
 .text.Draw_Ellipse
                0x08000280      0x470 ..\obj\Draw_request.o
                0x08000280                Draw_Ellipse
 .text.Clear_screen
                0x080006f0       0x1c ..\obj\Draw_request.o
                0x080006f0                Clear_screen
 .text.Bitmap_to_VGA
                0x0800070c       0xd4 ..\obj\Draw_request.o
                0x0800070c                Bitmap_to_VGA
 .text.Default_Reset_Handler
                0x080007e0       0x5c ..\obj\startup_stm32f4xx.o
                0x080007e0                Default_Reset_Handler
                0x080007e0                Reset_Handler
 .text.Default_Handler
                0x0800083c        0x8 ..\obj\startup_stm32f4xx.o
                0x0800083c                RTC_Alarm_IRQHandler
                0x0800083c                HASH_RNG_IRQHandler
                0x0800083c                EXTI2_IRQHandler
                0x0800083c                TIM8_CC_IRQHandler
                0x0800083c                DebugMon_Handler
                0x0800083c                TIM1_CC_IRQHandler
                0x0800083c                HardFault_Handler
                0x0800083c                DMA1_Stream5_IRQHandler
                0x0800083c                SysTick_Handler
                0x0800083c                PVD_IRQHandler
                0x0800083c                SDIO_IRQHandler
                0x0800083c                TAMP_STAMP_IRQHandler
                0x0800083c                PendSV_Handler
                0x0800083c                NMI_Handler
                0x0800083c                CAN2_RX1_IRQHandler
                0x0800083c                EXTI3_IRQHandler
                0x0800083c                TIM8_TRG_COM_TIM14_IRQHandler
                0x0800083c                TIM1_UP_TIM10_IRQHandler
                0x0800083c                TIM8_UP_TIM13_IRQHandler
                0x0800083c                I2C3_ER_IRQHandler
                0x0800083c                EXTI0_IRQHandler
                0x0800083c                I2C2_EV_IRQHandler
                0x0800083c                DMA1_Stream2_IRQHandler
                0x0800083c                CAN1_RX0_IRQHandler
                0x0800083c                FPU_IRQHandler
                0x0800083c                OTG_HS_WKUP_IRQHandler
                0x0800083c                UsageFault_Handler
                0x0800083c                CAN2_SCE_IRQHandler
                0x0800083c                DMA2_Stream2_IRQHandler
                0x0800083c                SPI1_IRQHandler
                0x0800083c                TIM6_DAC_IRQHandler
                0x0800083c                TIM1_BRK_TIM9_IRQHandler
                0x0800083c                DCMI_IRQHandler
                0x0800083c                CAN2_RX0_IRQHandler
                0x0800083c                DMA2_Stream3_IRQHandler
                0x0800083c                USART6_IRQHandler
                0x0800083c                USART3_IRQHandler
                0x0800083c                CRYP_IRQHandler
                0x0800083c                CAN1_RX1_IRQHandler
                0x0800083c                UART5_IRQHandler
                0x0800083c                DMA2_Stream0_IRQHandler
                0x0800083c                TIM4_IRQHandler
                0x0800083c                I2C1_EV_IRQHandler
                0x0800083c                DMA1_Stream6_IRQHandler
                0x0800083c                DMA1_Stream1_IRQHandler
                0x0800083c                UART4_IRQHandler
                0x0800083c                TIM3_IRQHandler
                0x0800083c                RCC_IRQHandler
                0x0800083c                TIM8_BRK_TIM12_IRQHandler
                0x0800083c                EXTI15_10_IRQHandler
                0x0800083c                ADC_IRQHandler
                0x0800083c                DMA1_Stream7_IRQHandler
                0x0800083c                TIM7_IRQHandler
                0x0800083c                CAN2_TX_IRQHandler
                0x0800083c                TIM5_IRQHandler
                0x0800083c                DMA2_Stream7_IRQHandler
                0x0800083c                I2C3_EV_IRQHandler
                0x0800083c                EXTI9_5_IRQHandler
                0x0800083c                RTC_WKUP_IRQHandler
                0x0800083c                ETH_WKUP_IRQHandler
                0x0800083c                SPI2_IRQHandler
                0x0800083c                OTG_HS_EP1_IN_IRQHandler
                0x0800083c                MemManage_Handler
                0x0800083c                DMA1_Stream0_IRQHandler
                0x0800083c                CAN1_TX_IRQHandler
                0x0800083c                SVC_Handler
                0x0800083c                EXTI4_IRQHandler
                0x0800083c                FSMC_IRQHandler
                0x0800083c                ETH_IRQHandler
                0x0800083c                OTG_HS_EP1_OUT_IRQHandler
                0x0800083c                WWDG_IRQHandler
                0x0800083c                OTG_FS_WKUP_IRQHandler
                0x0800083c                TIM1_TRG_COM_TIM11_IRQHandler
                0x0800083c                OTG_HS_IRQHandler
                0x0800083c                EXTI1_IRQHandler
                0x0800083c                USART2_IRQHandler
                0x0800083c                I2C2_ER_IRQHandler
                0x0800083c                DMA2_Stream1_IRQHandler
                0x0800083c                CAN1_SCE_IRQHandler
                0x0800083c                FLASH_IRQHandler
                0x0800083c                DMA2_Stream4_IRQHandler
                0x0800083c                BusFault_Handler
                0x0800083c                USART1_IRQHandler
                0x0800083c                OTG_FS_IRQHandler
                0x0800083c                SPI3_IRQHandler
                0x0800083c                DMA1_Stream4_IRQHandler
                0x0800083c                I2C1_ER_IRQHandler
                0x0800083c                DMA2_Stream6_IRQHandler
                0x0800083c                DMA1_Stream3_IRQHandler
 .text.main     0x08000844       0x68 ..\obj\main.o
                0x08000844                main
 .text.RCC_GetClocksFreq
                0x080008ac      0x154 ..\obj\stm32f4xx_rcc.o
                0x080008ac                RCC_GetClocksFreq
 .text.RCC_AHB1PeriphClockCmd
                0x08000a00       0x3c ..\obj\stm32f4xx_rcc.o
                0x08000a00                RCC_AHB1PeriphClockCmd
 .text.RCC_APB1PeriphClockCmd
                0x08000a3c       0x3c ..\obj\stm32f4xx_rcc.o
                0x08000a3c                RCC_APB1PeriphClockCmd
 .text.RCC_APB2PeriphClockCmd
                0x08000a78       0x3c ..\obj\stm32f4xx_rcc.o
                0x08000a78                RCC_APB2PeriphClockCmd
 .text.GPIO_Init
                0x08000ab4      0x11c ..\obj\stm32f4xx_gpio.o
                0x08000ab4                GPIO_Init
 .text.GPIO_PinAFConfig
                0x08000bd0       0x8c ..\obj\stm32f4xx_gpio.o
                0x08000bd0                GPIO_PinAFConfig
 *fill*         0x08000c5c        0x4 
 .text.delay_init
                0x08000c60       0xe8 ..\obj\apllication.o
                0x08000c60                delay_init
 .text.SystemInit
                0x08000d48       0x58 ..\obj\system_stm32f4xx.o
                0x08000d48                SystemInit
 .text.SetSysClock
                0x08000da0       0xf4 ..\obj\system_stm32f4xx.o
 .text._sbrk    0x08000e94       0x40 ..\obj\syscalls.o
                0x08000e94                _sbrk
 .text._close   0x08000ed4       0x18 ..\obj\syscalls.o
                0x08000ed4                _close
 .text._fstat   0x08000eec       0x20 ..\obj\syscalls.o
                0x08000eec                _fstat
 .text._isatty  0x08000f0c       0x18 ..\obj\syscalls.o
                0x08000f0c                _isatty
 .text._lseek   0x08000f24       0x1c ..\obj\syscalls.o
                0x08000f24                _lseek
 .text._read    0x08000f40       0x1c ..\obj\syscalls.o
                0x08000f40                _read
 .text._write   0x08000f5c       0x1c ..\obj\syscalls.o
                0x08000f5c                _write
 .text.DMA_DeInit
                0x08000f78      0x1a4 ..\obj\stm32f4xx_dma.o
                0x08000f78                DMA_DeInit
 .text.DMA_Init
                0x0800111c       0xac ..\obj\stm32f4xx_dma.o
                0x0800111c                DMA_Init
 .text.DMA_Cmd  0x080011c8       0x38 ..\obj\stm32f4xx_dma.o
                0x080011c8                DMA_Cmd
 .text.DMA_ITConfig
                0x08001200       0x74 ..\obj\stm32f4xx_dma.o
                0x08001200                DMA_ITConfig
 .text.DMA_GetITStatus
                0x08001274       0xb0 ..\obj\stm32f4xx_dma.o
                0x08001274                DMA_GetITStatus
 .text.DMA_ClearITPendingBit
                0x08001324       0x5c ..\obj\stm32f4xx_dma.o
                0x08001324                DMA_ClearITPendingBit
 .text.UB_VGA_Screen_Init
                0x08001380       0x80 ..\obj\stm32_ub_vga_screen.o
                0x08001380                UB_VGA_Screen_Init
 .text.UB_VGA_FillScreen
                0x08001400       0x48 ..\obj\stm32_ub_vga_screen.o
                0x08001400                UB_VGA_FillScreen
 .text.UB_VGA_SetPixel
                0x08001448       0x4c ..\obj\stm32_ub_vga_screen.o
                0x08001448                UB_VGA_SetPixel
 .text.P_VGA_InitIO
                0x08001494       0xa8 ..\obj\stm32_ub_vga_screen.o
                0x08001494                P_VGA_InitIO
 .text.P_VGA_InitTIM
                0x0800153c       0xc8 ..\obj\stm32_ub_vga_screen.o
                0x0800153c                P_VGA_InitTIM
 .text.P_VGA_InitINT
                0x08001604       0x58 ..\obj\stm32_ub_vga_screen.o
                0x08001604                P_VGA_InitINT
 .text.P_VGA_InitDMA
                0x0800165c       0x90 ..\obj\stm32_ub_vga_screen.o
                0x0800165c                P_VGA_InitDMA
 .text.TIM2_IRQHandler
                0x080016ec       0xb8 ..\obj\stm32_ub_vga_screen.o
                0x080016ec                TIM2_IRQHandler
 .text.DMA2_Stream5_IRQHandler
                0x080017a4       0x4c ..\obj\stm32_ub_vga_screen.o
                0x080017a4                DMA2_Stream5_IRQHandler
 .text.NVIC_Init
                0x080017f0       0xbc ..\obj\misc.o
                0x080017f0                NVIC_Init
 .text.TIM_TimeBaseInit
                0x080018ac       0xd4 ..\obj\stm32f4xx_tim.o
                0x080018ac                TIM_TimeBaseInit
 .text.TIM_SetCounter
                0x08001980       0x1c ..\obj\stm32f4xx_tim.o
                0x08001980                TIM_SetCounter
 .text.TIM_GetCounter
                0x0800199c       0x18 ..\obj\stm32f4xx_tim.o
                0x0800199c                TIM_GetCounter
 .text.TIM_ARRPreloadConfig
                0x080019b4       0x40 ..\obj\stm32f4xx_tim.o
                0x080019b4                TIM_ARRPreloadConfig
 .text.TIM_Cmd  0x080019f4       0x40 ..\obj\stm32f4xx_tim.o
                0x080019f4                TIM_Cmd
 .text.TIM_OC3Init
                0x08001a34      0x10c ..\obj\stm32f4xx_tim.o
                0x08001a34                TIM_OC3Init
 .text.TIM_OC4Init
                0x08001b40       0xcc ..\obj\stm32f4xx_tim.o
                0x08001b40                TIM_OC4Init
 .text.TIM_OC3PreloadConfig
                0x08001c0c       0x38 ..\obj\stm32f4xx_tim.o
                0x08001c0c                TIM_OC3PreloadConfig
 .text.TIM_OC4PreloadConfig
                0x08001c44       0x3c ..\obj\stm32f4xx_tim.o
                0x08001c44                TIM_OC4PreloadConfig
 .text.TIM_ITConfig
                0x08001c80       0x48 ..\obj\stm32f4xx_tim.o
                0x08001c80                TIM_ITConfig
 .text.TIM_ClearITPendingBit
                0x08001cc8       0x20 ..\obj\stm32f4xx_tim.o
                0x08001cc8                TIM_ClearITPendingBit
 .text.TIM_DMACmd
                0x08001ce8       0x48 ..\obj\stm32f4xx_tim.o
                0x08001ce8                TIM_DMACmd
 .text.sqrt     0x08001d30       0xac c:/coocox/coide/toolchain/bin/../lib/gcc/arm-none-eabi/4.8.3/../../../../arm-none-eabi/lib/armv7e-m\libm.a(lib_a-w_sqrt.o)
                0x08001d30                sqrt
 .text.__ieee754_sqrt
                0x08001ddc      0x180 c:/coocox/coide/toolchain/bin/../lib/gcc/arm-none-eabi/4.8.3/../../../../arm-none-eabi/lib/armv7e-m\libm.a(lib_a-e_sqrt.o)
                0x08001ddc                __ieee754_sqrt
 .text.__fpclassifyd
                0x08001f5c       0x50 c:/coocox/coide/toolchain/bin/../lib/gcc/arm-none-eabi/4.8.3/../../../../arm-none-eabi/lib/armv7e-m\libm.a(lib_a-s_fpclassify.o)
                0x08001f5c                __fpclassifyd
 .text.matherr  0x08001fac        0x4 c:/coocox/coide/toolchain/bin/../lib/gcc/arm-none-eabi/4.8.3/../../../../arm-none-eabi/lib/armv7e-m\libm.a(lib_a-s_matherr.o)
                0x08001fac                matherr
 .text          0x08001fb0      0x370 c:/coocox/coide/toolchain/bin/../lib/gcc/arm-none-eabi/4.8.3/armv7e-m\libgcc.a(_arm_addsubdf3.o)
                0x08001fb0                __aeabi_drsub
                0x08001fb8                __aeabi_dsub
                0x08001fb8                __subdf3
                0x08001fbc                __aeabi_dadd
                0x08001fbc                __adddf3
                0x08002234                __floatunsidf
                0x08002234                __aeabi_ui2d
                0x08002254                __floatsidf
                0x08002254                __aeabi_i2d
                0x08002278                __aeabi_f2d
                0x08002278                __extendsfdf2
                0x080022b4                __floatundidf
                0x080022b4                __aeabi_ul2d
                0x080022c4                __floatdidf
                0x080022c4                __aeabi_l2d
 .text          0x08002320      0x424 c:/coocox/coide/toolchain/bin/../lib/gcc/arm-none-eabi/4.8.3/armv7e-m\libgcc.a(_arm_muldivdf3.o)
                0x08002320                __aeabi_dmul
                0x08002320                __muldf3
                0x08002574                __divdf3
                0x08002574                __aeabi_ddiv
 .text          0x08002744      0x110 c:/coocox/coide/toolchain/bin/../lib/gcc/arm-none-eabi/4.8.3/armv7e-m\libgcc.a(_arm_cmpdf2.o)
                0x08002744                __gtdf2
                0x08002744                __gedf2
                0x0800274c                __ltdf2
                0x0800274c                __ledf2
                0x08002754                __nedf2
                0x08002754                __eqdf2
                0x08002754                __cmpdf2
                0x080027d0                __aeabi_cdrcmple
                0x080027e0                __aeabi_cdcmpeq
                0x080027e0                __aeabi_cdcmple
                0x080027f0                __aeabi_dcmpeq
                0x08002804                __aeabi_dcmplt
                0x08002818                __aeabi_dcmple
                0x0800282c                __aeabi_dcmpge
                0x08002840                __aeabi_dcmpgt
 .text          0x08002854       0x50 c:/coocox/coide/toolchain/bin/../lib/gcc/arm-none-eabi/4.8.3/armv7e-m\libgcc.a(_arm_fixdfsi.o)
                0x08002854                __aeabi_d2iz
                0x08002854                __fixdfsi
 .text.__errno  0x080028a4        0xc c:/coocox/coide/toolchain/bin/../lib/gcc/arm-none-eabi/4.8.3/../../../../arm-none-eabi/lib/armv7e-m\libg.a(lib_a-errno.o)
                0x080028a4                __errno
 .text.printf   0x080028b0       0x28 c:/coocox/coide/toolchain/bin/../lib/gcc/arm-none-eabi/4.8.3/../../../../arm-none-eabi/lib/armv7e-m\libg.a(lib_a-printf.o)
                0x080028b0                printf
 .text._vfprintf_r
                0x080028d8     0x1544 c:/coocox/coide/toolchain/bin/../lib/gcc/arm-none-eabi/4.8.3/../../../../arm-none-eabi/lib/armv7e-m\libg.a(lib_a-vfprintf.o)
                0x080028d8                _vfprintf_r
 .text.__sbprintf
                0x08003e1c       0x78 c:/coocox/coide/toolchain/bin/../lib/gcc/arm-none-eabi/4.8.3/../../../../arm-none-eabi/lib/armv7e-m\libg.a(lib_a-vfprintf.o)
 .text.__swsetup_r
                0x08003e94       0xc4 c:/coocox/coide/toolchain/bin/../lib/gcc/arm-none-eabi/4.8.3/../../../../arm-none-eabi/lib/armv7e-m\libg.a(lib_a-wsetup.o)
                0x08003e94                __swsetup_r
 .text.quorem   0x08003f58      0x130 c:/coocox/coide/toolchain/bin/../lib/gcc/arm-none-eabi/4.8.3/../../../../arm-none-eabi/lib/armv7e-m\libg.a(lib_a-dtoa.o)
 .text._dtoa_r  0x08004088      0xe38 c:/coocox/coide/toolchain/bin/../lib/gcc/arm-none-eabi/4.8.3/../../../../arm-none-eabi/lib/armv7e-m\libg.a(lib_a-dtoa.o)
                0x08004088                _dtoa_r
 .text.__sflush_r
                0x08004ec0      0x154 c:/coocox/coide/toolchain/bin/../lib/gcc/arm-none-eabi/4.8.3/../../../../arm-none-eabi/lib/armv7e-m\libg.a(lib_a-fflush.o)
                0x08004ec0                __sflush_r
 .text._fflush_r
                0x08005014       0x2c c:/coocox/coide/toolchain/bin/../lib/gcc/arm-none-eabi/4.8.3/../../../../arm-none-eabi/lib/armv7e-m\libg.a(lib_a-fflush.o)
                0x08005014                _fflush_r
 .text._cleanup_r
                0x08005040        0xc c:/coocox/coide/toolchain/bin/../lib/gcc/arm-none-eabi/4.8.3/../../../../arm-none-eabi/lib/armv7e-m\libg.a(lib_a-findfp.o)
                0x08005040                _cleanup_r
 .text.__sinit  0x0800504c       0xf4 c:/coocox/coide/toolchain/bin/../lib/gcc/arm-none-eabi/4.8.3/../../../../arm-none-eabi/lib/armv7e-m\libg.a(lib_a-findfp.o)
                0x0800504c                __sinit
 .text.__sfp_lock_acquire
                0x08005140        0x4 c:/coocox/coide/toolchain/bin/../lib/gcc/arm-none-eabi/4.8.3/../../../../arm-none-eabi/lib/armv7e-m\libg.a(lib_a-findfp.o)
                0x08005140                __sfp_lock_acquire
 .text.__sfp_lock_release
                0x08005144        0x4 c:/coocox/coide/toolchain/bin/../lib/gcc/arm-none-eabi/4.8.3/../../../../arm-none-eabi/lib/armv7e-m\libg.a(lib_a-findfp.o)
                0x08005144                __sfp_lock_release
 .text._malloc_trim_r
                0x08005148       0x9c c:/coocox/coide/toolchain/bin/../lib/gcc/arm-none-eabi/4.8.3/../../../../arm-none-eabi/lib/armv7e-m\libg.a(lib_a-freer.o)
                0x08005148                _malloc_trim_r
 .text._free_r  0x080051e4      0x19c c:/coocox/coide/toolchain/bin/../lib/gcc/arm-none-eabi/4.8.3/../../../../arm-none-eabi/lib/armv7e-m\libg.a(lib_a-freer.o)
                0x080051e4                _free_r
 .text._fwalk   0x08005380       0x4c c:/coocox/coide/toolchain/bin/../lib/gcc/arm-none-eabi/4.8.3/../../../../arm-none-eabi/lib/armv7e-m\libg.a(lib_a-fwalk.o)
                0x08005380                _fwalk
 .text.__locale_charset
                0x080053cc        0x8 c:/coocox/coide/toolchain/bin/../lib/gcc/arm-none-eabi/4.8.3/../../../../arm-none-eabi/lib/armv7e-m\libg.a(lib_a-locale.o)
                0x080053cc                __locale_charset
 .text.__locale_mb_cur_max
                0x080053d4        0xc c:/coocox/coide/toolchain/bin/../lib/gcc/arm-none-eabi/4.8.3/../../../../arm-none-eabi/lib/armv7e-m\libg.a(lib_a-locale.o)
                0x080053d4                __locale_mb_cur_max
 .text._localeconv_r
                0x080053e0        0x8 c:/coocox/coide/toolchain/bin/../lib/gcc/arm-none-eabi/4.8.3/../../../../arm-none-eabi/lib/armv7e-m\libg.a(lib_a-locale.o)
                0x080053e0                _localeconv_r
 .text.__smakebuf_r
                0x080053e8       0xe0 c:/coocox/coide/toolchain/bin/../lib/gcc/arm-none-eabi/4.8.3/../../../../arm-none-eabi/lib/armv7e-m\libg.a(lib_a-makebuf.o)
                0x080053e8                __smakebuf_r
 .text._malloc_r
                0x080054c8      0x538 c:/coocox/coide/toolchain/bin/../lib/gcc/arm-none-eabi/4.8.3/../../../../arm-none-eabi/lib/armv7e-m\libg.a(lib_a-mallocr.o)
                0x080054c8                _malloc_r
 .text.memchr   0x08005a00       0x90 c:/coocox/coide/toolchain/bin/../lib/gcc/arm-none-eabi/4.8.3/../../../../arm-none-eabi/lib/armv7e-m\libg.a(lib_a-memchr-stub.o)
                0x08005a00                memchr
 .text          0x08005a90      0x134 c:/coocox/coide/toolchain/bin/../lib/gcc/arm-none-eabi/4.8.3/../../../../arm-none-eabi/lib/armv7e-m\libg.a(lib_a-memcpy.o)
                0x08005a90                memcpy
 .text.memset   0x08005bc4       0x94 c:/coocox/coide/toolchain/bin/../lib/gcc/arm-none-eabi/4.8.3/../../../../arm-none-eabi/lib/armv7e-m\libg.a(lib_a-memset.o)
                0x08005bc4                memset
 .text.__malloc_lock
                0x08005c58        0x4 c:/coocox/coide/toolchain/bin/../lib/gcc/arm-none-eabi/4.8.3/../../../../arm-none-eabi/lib/armv7e-m\libg.a(lib_a-mlock.o)
                0x08005c58                __malloc_lock
 .text.__malloc_unlock
                0x08005c5c        0x4 c:/coocox/coide/toolchain/bin/../lib/gcc/arm-none-eabi/4.8.3/../../../../arm-none-eabi/lib/armv7e-m\libg.a(lib_a-mlock.o)
                0x08005c5c                __malloc_unlock
 .text._Balloc  0x08005c60       0x4c c:/coocox/coide/toolchain/bin/../lib/gcc/arm-none-eabi/4.8.3/../../../../arm-none-eabi/lib/armv7e-m\libg.a(lib_a-mprec.o)
                0x08005c60                _Balloc
 .text._Bfree   0x08005cac       0x14 c:/coocox/coide/toolchain/bin/../lib/gcc/arm-none-eabi/4.8.3/../../../../arm-none-eabi/lib/armv7e-m\libg.a(lib_a-mprec.o)
                0x08005cac                _Bfree
 .text.__multadd
                0x08005cc0       0x98 c:/coocox/coide/toolchain/bin/../lib/gcc/arm-none-eabi/4.8.3/../../../../arm-none-eabi/lib/armv7e-m\libg.a(lib_a-mprec.o)
                0x08005cc0                __multadd
 .text.__hi0bits
                0x08005d58       0x40 c:/coocox/coide/toolchain/bin/../lib/gcc/arm-none-eabi/4.8.3/../../../../arm-none-eabi/lib/armv7e-m\libg.a(lib_a-mprec.o)
                0x08005d58                __hi0bits
 .text.__lo0bits
                0x08005d98       0x5c c:/coocox/coide/toolchain/bin/../lib/gcc/arm-none-eabi/4.8.3/../../../../arm-none-eabi/lib/armv7e-m\libg.a(lib_a-mprec.o)
                0x08005d98                __lo0bits
 .text.__i2b    0x08005df4       0x14 c:/coocox/coide/toolchain/bin/../lib/gcc/arm-none-eabi/4.8.3/../../../../arm-none-eabi/lib/armv7e-m\libg.a(lib_a-mprec.o)
                0x08005df4                __i2b
 .text.__multiply
                0x08005e08      0x13c c:/coocox/coide/toolchain/bin/../lib/gcc/arm-none-eabi/4.8.3/../../../../arm-none-eabi/lib/armv7e-m\libg.a(lib_a-mprec.o)
                0x08005e08                __multiply
 .text.__pow5mult
                0x08005f44       0x9c c:/coocox/coide/toolchain/bin/../lib/gcc/arm-none-eabi/4.8.3/../../../../arm-none-eabi/lib/armv7e-m\libg.a(lib_a-mprec.o)
                0x08005f44                __pow5mult
 .text.__lshift
                0x08005fe0       0xbc c:/coocox/coide/toolchain/bin/../lib/gcc/arm-none-eabi/4.8.3/../../../../arm-none-eabi/lib/armv7e-m\libg.a(lib_a-mprec.o)
                0x08005fe0                __lshift
 .text.__mcmp   0x0800609c       0x48 c:/coocox/coide/toolchain/bin/../lib/gcc/arm-none-eabi/4.8.3/../../../../arm-none-eabi/lib/armv7e-m\libg.a(lib_a-mprec.o)
                0x0800609c                __mcmp
 .text.__mdiff  0x080060e4       0xd4 c:/coocox/coide/toolchain/bin/../lib/gcc/arm-none-eabi/4.8.3/../../../../arm-none-eabi/lib/armv7e-m\libg.a(lib_a-mprec.o)
                0x080060e4                __mdiff
 .text.__d2b    0x080061b8       0xbc c:/coocox/coide/toolchain/bin/../lib/gcc/arm-none-eabi/4.8.3/../../../../arm-none-eabi/lib/armv7e-m\libg.a(lib_a-mprec.o)
                0x080061b8                __d2b
 .text._sbrk_r  0x08006274       0x24 c:/coocox/coide/toolchain/bin/../lib/gcc/arm-none-eabi/4.8.3/../../../../arm-none-eabi/lib/armv7e-m\libg.a(lib_a-sbrkr.o)
                0x08006274                _sbrk_r
 .text.__sread  0x08006298       0x24 c:/coocox/coide/toolchain/bin/../lib/gcc/arm-none-eabi/4.8.3/../../../../arm-none-eabi/lib/armv7e-m\libg.a(lib_a-stdio.o)
                0x08006298                __sread
 .text.__swrite
                0x080062bc       0x38 c:/coocox/coide/toolchain/bin/../lib/gcc/arm-none-eabi/4.8.3/../../../../arm-none-eabi/lib/armv7e-m\libg.a(lib_a-stdio.o)
                0x080062bc                __swrite
 .text.__sseek  0x080062f4       0x24 c:/coocox/coide/toolchain/bin/../lib/gcc/arm-none-eabi/4.8.3/../../../../arm-none-eabi/lib/armv7e-m\libg.a(lib_a-stdio.o)
                0x080062f4                __sseek
 .text.__sclose
                0x08006318        0x8 c:/coocox/coide/toolchain/bin/../lib/gcc/arm-none-eabi/4.8.3/../../../../arm-none-eabi/lib/armv7e-m\libg.a(lib_a-stdio.o)
                0x08006318                __sclose
 .text.strlen   0x08006320       0x60 c:/coocox/coide/toolchain/bin/../lib/gcc/arm-none-eabi/4.8.3/../../../../arm-none-eabi/lib/armv7e-m\libg.a(lib_a-strlen.o)
                0x08006320                strlen
 .text.__sprint_r.part.0
                0x08006380       0x78 c:/coocox/coide/toolchain/bin/../lib/gcc/arm-none-eabi/4.8.3/../../../../arm-none-eabi/lib/armv7e-m\libg.a(lib_a-vfiprintf.o)
 .text.__sprint_r
                0x080063f8       0x18 c:/coocox/coide/toolchain/bin/../lib/gcc/arm-none-eabi/4.8.3/../../../../arm-none-eabi/lib/armv7e-m\libg.a(lib_a-vfiprintf.o)
                0x080063f8                __sprint_r
 .text._write_r
                0x08006410       0x28 c:/coocox/coide/toolchain/bin/../lib/gcc/arm-none-eabi/4.8.3/../../../../arm-none-eabi/lib/armv7e-m\libg.a(lib_a-writer.o)
                0x08006410                _write_r
 .text._calloc_r
                0x08006438       0x60 c:/coocox/coide/toolchain/bin/../lib/gcc/arm-none-eabi/4.8.3/../../../../arm-none-eabi/lib/armv7e-m\libg.a(lib_a-callocr.o)
                0x08006438                _calloc_r
 .text._close_r
                0x08006498       0x24 c:/coocox/coide/toolchain/bin/../lib/gcc/arm-none-eabi/4.8.3/../../../../arm-none-eabi/lib/armv7e-m\libg.a(lib_a-closer.o)
                0x08006498                _close_r
 .text._fclose_r
                0x080064bc       0x80 c:/coocox/coide/toolchain/bin/../lib/gcc/arm-none-eabi/4.8.3/../../../../arm-none-eabi/lib/armv7e-m\libg.a(lib_a-fclose.o)
                0x080064bc                _fclose_r
 .text.fclose   0x0800653c       0x10 c:/coocox/coide/toolchain/bin/../lib/gcc/arm-none-eabi/4.8.3/../../../../arm-none-eabi/lib/armv7e-m\libg.a(lib_a-fclose.o)
                0x0800653c                fclose
 .text._fputwc_r
                0x0800654c       0xbc c:/coocox/coide/toolchain/bin/../lib/gcc/arm-none-eabi/4.8.3/../../../../arm-none-eabi/lib/armv7e-m\libg.a(lib_a-fputwc.o)
                0x0800654c                _fputwc_r
 .text._fstat_r
                0x08006608       0x28 c:/coocox/coide/toolchain/bin/../lib/gcc/arm-none-eabi/4.8.3/../../../../arm-none-eabi/lib/armv7e-m\libg.a(lib_a-fstatr.o)
                0x08006608                _fstat_r
 .text.__sfvwrite_r
                0x08006630      0x314 c:/coocox/coide/toolchain/bin/../lib/gcc/arm-none-eabi/4.8.3/../../../../arm-none-eabi/lib/armv7e-m\libg.a(lib_a-fvwrite.o)
                0x08006630                __sfvwrite_r
 .text._isatty_r
                0x08006944       0x24 c:/coocox/coide/toolchain/bin/../lib/gcc/arm-none-eabi/4.8.3/../../../../arm-none-eabi/lib/armv7e-m\libg.a(lib_a-isattyr.o)
                0x08006944                _isatty_r
 .text._lseek_r
                0x08006968       0x28 c:/coocox/coide/toolchain/bin/../lib/gcc/arm-none-eabi/4.8.3/../../../../arm-none-eabi/lib/armv7e-m\libg.a(lib_a-lseekr.o)
                0x08006968                _lseek_r
 .text.memmove  0x08006990       0xc0 c:/coocox/coide/toolchain/bin/../lib/gcc/arm-none-eabi/4.8.3/../../../../arm-none-eabi/lib/armv7e-m\libg.a(lib_a-memmove.o)
                0x08006990                memmove
 .text._read_r  0x08006a50       0x28 c:/coocox/coide/toolchain/bin/../lib/gcc/arm-none-eabi/4.8.3/../../../../arm-none-eabi/lib/armv7e-m\libg.a(lib_a-readr.o)
                0x08006a50                _read_r
 .text._realloc_r
                0x08006a78      0x3cc c:/coocox/coide/toolchain/bin/../lib/gcc/arm-none-eabi/4.8.3/../../../../arm-none-eabi/lib/armv7e-m\libg.a(lib_a-reallocr.o)
                0x08006a78                _realloc_r
 .text.__swbuf_r
                0x08006e44       0xa8 c:/coocox/coide/toolchain/bin/../lib/gcc/arm-none-eabi/4.8.3/../../../../arm-none-eabi/lib/armv7e-m\libg.a(lib_a-wbuf.o)
                0x08006e44                __swbuf_r
 .text._wcrtomb_r
                0x08006eec       0x50 c:/coocox/coide/toolchain/bin/../lib/gcc/arm-none-eabi/4.8.3/../../../../arm-none-eabi/lib/armv7e-m\libg.a(lib_a-wcrtomb.o)
                0x08006eec                _wcrtomb_r
 .text.__ascii_wctomb
                0x08006f3c       0x1c c:/coocox/coide/toolchain/bin/../lib/gcc/arm-none-eabi/4.8.3/../../../../arm-none-eabi/lib/armv7e-m\libg.a(lib_a-wctomb_r.o)
                0x08006f3c                __ascii_wctomb
 .text          0x08006f58       0x2c c:/coocox/coide/toolchain/bin/../lib/gcc/arm-none-eabi/4.8.3/armv7e-m\libgcc.a(_aeabi_uldivmod.o)
                0x08006f58                __aeabi_uldivmod
 .text          0x08006f84       0x60 c:/coocox/coide/toolchain/bin/../lib/gcc/arm-none-eabi/4.8.3/armv7e-m\libgcc.a(bpabi.o)
                0x08006f84                __gnu_ldivmod_helper
                0x08006fb4                __gnu_uldivmod_helper
 .text          0x08006fe4        0x4 c:/coocox/coide/toolchain/bin/../lib/gcc/arm-none-eabi/4.8.3/armv7e-m\libgcc.a(_dvmd_tls.o)
                0x08006fe4                __aeabi_idiv0
                0x08006fe4                __aeabi_ldiv0
 .text          0x08006fe8      0x298 c:/coocox/coide/toolchain/bin/../lib/gcc/arm-none-eabi/4.8.3/armv7e-m\libgcc.a(_divdi3.o)
                0x08006fe8                __divdi3
 .text          0x08007280      0x284 c:/coocox/coide/toolchain/bin/../lib/gcc/arm-none-eabi/4.8.3/armv7e-m\libgcc.a(_udivdi3.o)
                0x08007280                __udivdi3
 *(.init)
 *(.fini)
 *crtbegin.o(.ctors)
 *crtbegin?.o(.ctors)
 *(EXCLUDE_FILE(*crtend.o *crtend?.o) .ctors)
 *(SORT(.ctors.*))
 *(.ctors)
 *crtbegin.o(.dtors)
 *crtbegin?.o(.dtors)
 *(EXCLUDE_FILE(*crtend.o *crtend?.o) .dtors)
 *(SORT(.dtors.*))
 *(.dtors)
 *(.rodata*)
 .rodata        0x08007504    0x12c38 ..\obj\Draw_request.o
                0x08007504                image
 .rodata.str1.4
                0x0801a13c        0x5 c:/coocox/coide/toolchain/bin/../lib/gcc/arm-none-eabi/4.8.3/../../../../arm-none-eabi/lib/armv7e-m\libm.a(lib_a-w_sqrt.o)
                                  0x8 (size before relaxing)
 *fill*         0x0801a141        0x3 
 .rodata.str1.4
                0x0801a144        0x2 c:/coocox/coide/toolchain/bin/../lib/gcc/arm-none-eabi/4.8.3/../../../../arm-none-eabi/lib/armv7e-m\libg.a(lib_a-impure.o)
                                  0x4 (size before relaxing)
 *fill*         0x0801a146        0x2 
 .rodata.zeroes.6759
                0x0801a148       0x10 c:/coocox/coide/toolchain/bin/../lib/gcc/arm-none-eabi/4.8.3/../../../../arm-none-eabi/lib/armv7e-m\libg.a(lib_a-vfprintf.o)
 .rodata.str1.4
                0x0801a158       0x42 c:/coocox/coide/toolchain/bin/../lib/gcc/arm-none-eabi/4.8.3/../../../../arm-none-eabi/lib/armv7e-m\libg.a(lib_a-vfprintf.o)
                                 0x44 (size before relaxing)
 *fill*         0x0801a19a        0x2 
 .rodata.blanks.6758
                0x0801a19c       0x10 c:/coocox/coide/toolchain/bin/../lib/gcc/arm-none-eabi/4.8.3/../../../../arm-none-eabi/lib/armv7e-m\libg.a(lib_a-vfprintf.o)
 .rodata.str1.4
                0x0801a1ac       0x10 c:/coocox/coide/toolchain/bin/../lib/gcc/arm-none-eabi/4.8.3/../../../../arm-none-eabi/lib/armv7e-m\libg.a(lib_a-dtoa.o)
                                 0x14 (size before relaxing)
 .rodata.str1.4
                0x0801a1bc        0xc c:/coocox/coide/toolchain/bin/../lib/gcc/arm-none-eabi/4.8.3/../../../../arm-none-eabi/lib/armv7e-m\libg.a(lib_a-locale.o)
                                 0x14 (size before relaxing)
 .rodata.p05.5288
                0x0801a1c8        0xc c:/coocox/coide/toolchain/bin/../lib/gcc/arm-none-eabi/4.8.3/../../../../arm-none-eabi/lib/armv7e-m\libg.a(lib_a-mprec.o)
 *fill*         0x0801a1d4        0x4 
 .rodata.__mprec_tens
                0x0801a1d8       0xc8 c:/coocox/coide/toolchain/bin/../lib/gcc/arm-none-eabi/4.8.3/../../../../arm-none-eabi/lib/armv7e-m\libg.a(lib_a-mprec.o)
                0x0801a1d8                __mprec_tens
 .rodata.__mprec_bigtens
                0x0801a2a0       0x28 c:/coocox/coide/toolchain/bin/../lib/gcc/arm-none-eabi/4.8.3/../../../../arm-none-eabi/lib/armv7e-m\libg.a(lib_a-mprec.o)
                0x0801a2a0                __mprec_bigtens
 *(.eh_fram e*)

.glue_7         0x0801a2c8        0x0
 .glue_7        0x00000000        0x0 linker stubs

.glue_7t        0x0801a2c8        0x0
 .glue_7t       0x00000000        0x0 linker stubs

.vfp11_veneer   0x0801a2c8        0x0
 .vfp11_veneer  0x00000000        0x0 linker stubs

.v4_bx          0x0801a2c8        0x0
 .v4_bx         0x00000000        0x0 linker stubs

.iplt           0x0801a2c8        0x0
 .iplt          0x00000000        0x0 ..\obj\Draw_request.o

.ARM.extab
 *(.ARM.extab* .gnu.linkonce.armextab.*)
                0x0801a2c8                __exidx_start = .

.ARM.exidx      0x0801a2c8        0x8
 *(.ARM.exidx* .gnu.linkonce.armexidx.*)
 .ARM.exidx     0x0801a2c8        0x8 c:/coocox/coide/toolchain/bin/../lib/gcc/arm-none-eabi/4.8.3/armv7e-m\libgcc.a(_divdi3.o)
 .ARM.exidx     0x0801a2d0        0x0 c:/coocox/coide/toolchain/bin/../lib/gcc/arm-none-eabi/4.8.3/armv7e-m\libgcc.a(_udivdi3.o)
                                  0x8 (size before relaxing)
                0x0801a2d0                __exidx_end = .
                0x0801a2d0                __etext = .
                0x0801a2d0                _sidata = __etext

.rel.dyn        0x0801a2d0        0x0
 .rel.iplt      0x00000000        0x0 ..\obj\Draw_request.o

.data           0x20000000      0x8b4 load address 0x0801a2d0
                0x20000000                __data_start__ = .
                0x20000000                _sdata = __data_start__
 *(vtable)
 *(.data*)
 .data          0x20000000       0x10 ..\obj\stm32f4xx_rcc.o
 .data.__fdlib_version
                0x20000010        0x1 c:/coocox/coide/toolchain/bin/../lib/gcc/arm-none-eabi/4.8.3/../../../../arm-none-eabi/lib/armv7e-m\libm.a(lib_a-s_lib_ver.o)
                0x20000010                __fdlib_version
 *fill*         0x20000011        0x7 
 .data.impure_data
                0x20000018      0x428 c:/coocox/coide/toolchain/bin/../lib/gcc/arm-none-eabi/4.8.3/../../../../arm-none-eabi/lib/armv7e-m\libg.a(lib_a-impure.o)
 .data._impure_ptr
                0x20000440        0x4 c:/coocox/coide/toolchain/bin/../lib/gcc/arm-none-eabi/4.8.3/../../../../arm-none-eabi/lib/armv7e-m\libg.a(lib_a-impure.o)
                0x20000440                _impure_ptr
 .data.lconv    0x20000444       0x38 c:/coocox/coide/toolchain/bin/../lib/gcc/arm-none-eabi/4.8.3/../../../../arm-none-eabi/lib/armv7e-m\libg.a(lib_a-locale.o)
 .data.lc_ctype_charset
                0x2000047c       0x20 c:/coocox/coide/toolchain/bin/../lib/gcc/arm-none-eabi/4.8.3/../../../../arm-none-eabi/lib/armv7e-m\libg.a(lib_a-locale.o)
 .data.__mb_cur_max
                0x2000049c        0x4 c:/coocox/coide/toolchain/bin/../lib/gcc/arm-none-eabi/4.8.3/../../../../arm-none-eabi/lib/armv7e-m\libg.a(lib_a-locale.o)
                0x2000049c                __mb_cur_max
 .data.__malloc_av_
                0x200004a0      0x408 c:/coocox/coide/toolchain/bin/../lib/gcc/arm-none-eabi/4.8.3/../../../../arm-none-eabi/lib/armv7e-m\libg.a(lib_a-mallocr.o)
                0x200004a0                __malloc_av_
 .data.__malloc_trim_threshold
                0x200008a8        0x4 c:/coocox/coide/toolchain/bin/../lib/gcc/arm-none-eabi/4.8.3/../../../../arm-none-eabi/lib/armv7e-m\libg.a(lib_a-mallocr.o)
                0x200008a8                __malloc_trim_threshold
 .data.__malloc_sbrk_base
                0x200008ac        0x4 c:/coocox/coide/toolchain/bin/../lib/gcc/arm-none-eabi/4.8.3/../../../../arm-none-eabi/lib/armv7e-m\libg.a(lib_a-mallocr.o)
                0x200008ac                __malloc_sbrk_base
 .data.__wctomb
                0x200008b0        0x4 c:/coocox/coide/toolchain/bin/../lib/gcc/arm-none-eabi/4.8.3/../../../../arm-none-eabi/lib/armv7e-m\libg.a(lib_a-wctomb_r.o)
                0x200008b0                __wctomb
                0x200008b4                . = ALIGN (0x4)
                0x200008b4                PROVIDE (__preinit_array_start, .)
 *(.preinit_array)
                0x200008b4                PROVIDE (__preinit_array_end, .)
                0x200008b4                . = ALIGN (0x4)
                0x200008b4                PROVIDE (__init_array_start, .)
 *(SORT(.init_array.*))
 *(.init_array)
                0x200008b4                PROVIDE (__init_array_end, .)
                0x200008b4                . = ALIGN (0x4)
                0x200008b4                PROVIDE (__fini_array_start, .)
 *(SORT(.fini_array.*))
 *(.fini_array)
                0x200008b4                PROVIDE (__fini_array_end, .)
 *(.jcr*)
                0x200008b4                . = ALIGN (0x4)
                0x200008b4                __data_end__ = .
                0x200008b4                _edata = __data_end__

.igot.plt       0x200008b4        0x0 load address 0x0801ab84
 .igot.plt      0x00000000        0x0 ..\obj\Draw_request.o

.bss            0x200008b4    0x13cec load address 0x0801ab84
                0x200008b4                . = ALIGN (0x4)
                0x200008b4                __bss_start__ = .
                0x200008b4                _sbss = __bss_start__
 *(.bss*)
 .bss           0x200008b4        0x8 ..\obj\Draw_request.o
 .bss           0x200008bc        0xc ..\obj\apllication.o
 .bss           0x200008c8        0x4 ..\obj\syscalls.o
 .bss.__malloc_max_total_mem
                0x200008cc        0x4 c:/coocox/coide/toolchain/bin/../lib/gcc/arm-none-eabi/4.8.3/../../../../arm-none-eabi/lib/armv7e-m\libg.a(lib_a-mallocr.o)
                0x200008cc                __malloc_max_total_mem
 .bss.__malloc_max_sbrked_mem
                0x200008d0        0x4 c:/coocox/coide/toolchain/bin/../lib/gcc/arm-none-eabi/4.8.3/../../../../arm-none-eabi/lib/armv7e-m\libg.a(lib_a-mallocr.o)
                0x200008d0                __malloc_max_sbrked_mem
 .bss.__malloc_top_pad
                0x200008d4        0x4 c:/coocox/coide/toolchain/bin/../lib/gcc/arm-none-eabi/4.8.3/../../../../arm-none-eabi/lib/armv7e-m\libg.a(lib_a-mallocr.o)
                0x200008d4                __malloc_top_pad
 .bss.__malloc_current_mallinfo
                0x200008d8       0x28 c:/coocox/coide/toolchain/bin/../lib/gcc/arm-none-eabi/4.8.3/../../../../arm-none-eabi/lib/armv7e-m\libg.a(lib_a-mallocr.o)
                0x200008d8                __malloc_current_mallinfo
 *(COMMON)
 COMMON         0x20000900    0x13c9c ..\obj\Draw_request.o
                0x20000900                VGA
                0x2000090c                VGA_RAM1
                0x200135fc                EllipseYPosArray
                0x20013dcc                EllipseXPosArray
 COMMON         0x2001459c        0x4 c:/coocox/coide/toolchain/bin/../lib/gcc/arm-none-eabi/4.8.3/../../../../arm-none-eabi/lib/armv7e-m\libg.a(lib_a-reent.o)
                0x2001459c                errno
                0x200145a0                . = ALIGN (0x4)
                0x200145a0                __bss_end__ = .
                0x200145a0                _ebss = __bss_end__

.heap           0x200145a0        0x0
                0x200145a0                __end__ = .
                0x200145a0                _end = __end__
                0x200145a0                end = __end__
 *(.heap*)
                0x200145a0                __HeapLimit = .

.co_stack       0x200145a0      0x800 load address 0x0802e870
                0x200145a0                . = ALIGN (0x8)
 *(.co_stack .co_stack.*)
 .co_stack      0x200145a0      0x800 ..\obj\startup_stm32f4xx.o
                0x200145a0                pulStack
                0x20020000                __StackTop = (ORIGIN (ram) + 0x20000)
                0x2001f800                __StackLimit = (__StackTop - SIZEOF (.co_stack))
                0x20020000                PROVIDE (__stack, __StackTop)
                0x00000001                ASSERT ((__StackLimit >= __HeapLimit), region ram  overflowed with stack)
LOAD ..\obj\Draw_request.o
LOAD ..\obj\startup_stm32f4xx.o
LOAD ..\obj\main.o
LOAD ..\obj\stm32f4xx_rcc.o
LOAD ..\obj\stm32f4xx_gpio.o
LOAD ..\obj\apllication.o
LOAD ..\obj\stm32f4xx_flash.o
LOAD ..\obj\system_stm32f4xx.o
LOAD ..\obj\syscalls.o
LOAD ..\obj\stm32f4xx_dma.o
LOAD ..\obj\stm32_ub_vga_screen.o
LOAD ..\obj\misc.o
LOAD ..\obj\stm32f4xx_tim.o
LOAD c:/coocox/coide/toolchain/bin/../lib/gcc/arm-none-eabi/4.8.3/../../../../arm-none-eabi/lib/armv7e-m\libm.a
START GROUP
LOAD c:/coocox/coide/toolchain/bin/../lib/gcc/arm-none-eabi/4.8.3/armv7e-m\libgcc.a
LOAD c:/coocox/coide/toolchain/bin/../lib/gcc/arm-none-eabi/4.8.3/../../../../arm-none-eabi/lib/armv7e-m\libg.a
LOAD c:/coocox/coide/toolchain/bin/../lib/gcc/arm-none-eabi/4.8.3/../../../../arm-none-eabi/lib/armv7e-m\libc.a
END GROUP
OUTPUT(VGA_Core.elf elf32-littlearm)

.debug_info     0x00000000     0x5ada
 .debug_info    0x00000000      0x853 ..\obj\Draw_request.o
 .debug_info    0x00000853       0xed ..\obj\startup_stm32f4xx.o
 .debug_info    0x00000940      0x16c ..\obj\main.o
 .debug_info    0x00000aac      0xc21 ..\obj\stm32f4xx_rcc.o
 .debug_info    0x000016cd      0x5d6 ..\obj\stm32f4xx_gpio.o
 .debug_info    0x00001ca3      0x1d3 ..\obj\apllication.o
 .debug_info    0x00001e76      0x566 ..\obj\system_stm32f4xx.o
 .debug_info    0x000023dc      0x3ee ..\obj\syscalls.o
 .debug_info    0x000027ca      0x718 ..\obj\stm32f4xx_dma.o
 .debug_info    0x00002ee2      0xaa7 ..\obj\stm32_ub_vga_screen.o
 .debug_info    0x00003989      0x51c ..\obj\misc.o
 .debug_info    0x00003ea5     0x1c35 ..\obj\stm32f4xx_tim.o

.debug_abbrev   0x00000000      0xf89
 .debug_abbrev  0x00000000      0x18e ..\obj\Draw_request.o
 .debug_abbrev  0x0000018e       0xb0 ..\obj\startup_stm32f4xx.o
 .debug_abbrev  0x0000023e       0xb7 ..\obj\main.o
 .debug_abbrev  0x000002f5      0x1e3 ..\obj\stm32f4xx_rcc.o
 .debug_abbrev  0x000004d8      0x1a3 ..\obj\stm32f4xx_gpio.o
 .debug_abbrev  0x0000067b      0x114 ..\obj\apllication.o
 .debug_abbrev  0x0000078f      0x136 ..\obj\system_stm32f4xx.o
 .debug_abbrev  0x000008c5       0xe2 ..\obj\syscalls.o
 .debug_abbrev  0x000009a7      0x155 ..\obj\stm32f4xx_dma.o
 .debug_abbrev  0x00000afc      0x1c1 ..\obj\stm32_ub_vga_screen.o
 .debug_abbrev  0x00000cbd      0x145 ..\obj\misc.o
 .debug_abbrev  0x00000e02      0x187 ..\obj\stm32f4xx_tim.o

.debug_aranges  0x00000000      0x7c0
 .debug_aranges
                0x00000000       0x70 ..\obj\Draw_request.o
 .debug_aranges
                0x00000070       0x28 ..\obj\startup_stm32f4xx.o
 .debug_aranges
                0x00000098       0x20 ..\obj\main.o
 .debug_aranges
                0x000000b8      0x178 ..\obj\stm32f4xx_rcc.o
 .debug_aranges
                0x00000230       0x88 ..\obj\stm32f4xx_gpio.o
 .debug_aranges
                0x000002b8       0x30 ..\obj\apllication.o
 .debug_aranges
                0x000002e8       0x30 ..\obj\system_stm32f4xx.o
 .debug_aranges
                0x00000318       0x60 ..\obj\syscalls.o
 .debug_aranges
                0x00000378       0xb0 ..\obj\stm32f4xx_dma.o
 .debug_aranges
                0x00000428       0x60 ..\obj\stm32_ub_vga_screen.o
 .debug_aranges
                0x00000488       0x40 ..\obj\misc.o
 .debug_aranges
                0x000004c8      0x2f8 ..\obj\stm32f4xx_tim.o

.debug_ranges   0x00000000      0x700
 .debug_ranges  0x00000000       0x60 ..\obj\Draw_request.o
 .debug_ranges  0x00000060       0x18 ..\obj\startup_stm32f4xx.o
 .debug_ranges  0x00000078       0x10 ..\obj\main.o
 .debug_ranges  0x00000088      0x168 ..\obj\stm32f4xx_rcc.o
 .debug_ranges  0x000001f0       0x78 ..\obj\stm32f4xx_gpio.o
 .debug_ranges  0x00000268       0x20 ..\obj\apllication.o
 .debug_ranges  0x00000288       0x20 ..\obj\system_stm32f4xx.o
 .debug_ranges  0x000002a8       0x50 ..\obj\syscalls.o
 .debug_ranges  0x000002f8       0xa0 ..\obj\stm32f4xx_dma.o
 .debug_ranges  0x00000398       0x50 ..\obj\stm32_ub_vga_screen.o
 .debug_ranges  0x000003e8       0x30 ..\obj\misc.o
 .debug_ranges  0x00000418      0x2e8 ..\obj\stm32f4xx_tim.o

.debug_line     0x00000000     0x26a8
 .debug_line    0x00000000      0x42d ..\obj\Draw_request.o
 .debug_line    0x0000042d       0xb0 ..\obj\startup_stm32f4xx.o
 .debug_line    0x000004dd      0x16e ..\obj\main.o
 .debug_line    0x0000064b      0x55b ..\obj\stm32f4xx_rcc.o
 .debug_line    0x00000ba6      0x300 ..\obj\stm32f4xx_gpio.o
 .debug_line    0x00000ea6      0x1f0 ..\obj\apllication.o
 .debug_line    0x00001096      0x18a ..\obj\system_stm32f4xx.o
 .debug_line    0x00001220      0x168 ..\obj\syscalls.o
 .debug_line    0x00001388      0x39d ..\obj\stm32f4xx_dma.o
 .debug_line    0x00001725      0x357 ..\obj\stm32_ub_vga_screen.o
 .debug_line    0x00001a7c      0x206 ..\obj\misc.o
 .debug_line    0x00001c82      0xa26 ..\obj\stm32f4xx_tim.o

.debug_str      0x00000000     0x28eb
 .debug_str     0x00000000      0x4d0 ..\obj\Draw_request.o
                                0x529 (size before relaxing)
 .debug_str     0x000004d0       0xbf ..\obj\startup_stm32f4xx.o
                                0x156 (size before relaxing)
 .debug_str     0x0000058f       0x43 ..\obj\main.o
                                0x212 (size before relaxing)
 .debug_str     0x000005d2      0x61c ..\obj\stm32f4xx_rcc.o
                                0x835 (size before relaxing)
 .debug_str     0x00000bee      0x337 ..\obj\stm32f4xx_gpio.o
                                0x488 (size before relaxing)
 .debug_str     0x00000f25       0xca ..\obj\apllication.o
                                0x2a4 (size before relaxing)
 .debug_str     0x00000fef      0x127 ..\obj\system_stm32f4xx.o
                                0x38f (size before relaxing)
 .debug_str     0x00001116      0x172 ..\obj\syscalls.o
                                0x2f1 (size before relaxing)
 .debug_str     0x00001288      0x3a6 ..\obj\stm32f4xx_dma.o
                                0x531 (size before relaxing)
 .debug_str     0x0000162e      0x740 ..\obj\stm32_ub_vga_screen.o
                                0xcc2 (size before relaxing)
 .debug_str     0x00001d6e      0x170 ..\obj\misc.o
                                0x3be (size before relaxing)
 .debug_str     0x00001ede      0xa0d ..\obj\stm32f4xx_tim.o
                                0xdb5 (size before relaxing)

.comment        0x00000000       0x70
 .comment       0x00000000       0x70 ..\obj\Draw_request.o
                                 0x71 (size before relaxing)
 .comment       0x00000000       0x71 ..\obj\startup_stm32f4xx.o
 .comment       0x00000000       0x71 ..\obj\main.o
 .comment       0x00000000       0x71 ..\obj\stm32f4xx_rcc.o
 .comment       0x00000000       0x71 ..\obj\stm32f4xx_gpio.o
 .comment       0x00000000       0x71 ..\obj\apllication.o
 .comment       0x00000000       0x71 ..\obj\system_stm32f4xx.o
 .comment       0x00000000       0x71 ..\obj\syscalls.o
 .comment       0x00000000       0x71 ..\obj\stm32f4xx_dma.o
 .comment       0x00000000       0x71 ..\obj\stm32_ub_vga_screen.o
 .comment       0x00000000       0x71 ..\obj\misc.o
 .comment       0x00000000       0x71 ..\obj\stm32f4xx_tim.o

.ARM.attributes
                0x00000000       0x31
 .ARM.attributes
                0x00000000       0x33 ..\obj\Draw_request.o
 .ARM.attributes
                0x00000033       0x33 ..\obj\startup_stm32f4xx.o
 .ARM.attributes
                0x00000066       0x33 ..\obj\main.o
 .ARM.attributes
                0x00000099       0x33 ..\obj\stm32f4xx_rcc.o
 .ARM.attributes
                0x000000cc       0x33 ..\obj\stm32f4xx_gpio.o
 .ARM.attributes
                0x000000ff       0x33 ..\obj\apllication.o
 .ARM.attributes
                0x00000132       0x33 ..\obj\system_stm32f4xx.o
 .ARM.attributes
                0x00000165       0x33 ..\obj\syscalls.o
 .ARM.attributes
                0x00000198       0x33 ..\obj\stm32f4xx_dma.o
 .ARM.attributes
                0x000001cb       0x33 ..\obj\stm32_ub_vga_screen.o
 .ARM.attributes
                0x000001fe       0x33 ..\obj\misc.o
 .ARM.attributes
                0x00000231       0x33 ..\obj\stm32f4xx_tim.o
 .ARM.attributes
                0x00000264       0x2e c:/coocox/coide/toolchain/bin/../lib/gcc/arm-none-eabi/4.8.3/../../../../arm-none-eabi/lib/armv7e-m\libm.a(lib_a-w_sqrt.o)
 .ARM.attributes
                0x00000292       0x2e c:/coocox/coide/toolchain/bin/../lib/gcc/arm-none-eabi/4.8.3/../../../../arm-none-eabi/lib/armv7e-m\libm.a(lib_a-e_sqrt.o)
 .ARM.attributes
                0x000002c0       0x2e c:/coocox/coide/toolchain/bin/../lib/gcc/arm-none-eabi/4.8.3/../../../../arm-none-eabi/lib/armv7e-m\libm.a(lib_a-s_fpclassify.o)
 .ARM.attributes
                0x000002ee       0x2e c:/coocox/coide/toolchain/bin/../lib/gcc/arm-none-eabi/4.8.3/../../../../arm-none-eabi/lib/armv7e-m\libm.a(lib_a-s_lib_ver.o)
 .ARM.attributes
                0x0000031c       0x2e c:/coocox/coide/toolchain/bin/../lib/gcc/arm-none-eabi/4.8.3/../../../../arm-none-eabi/lib/armv7e-m\libm.a(lib_a-s_matherr.o)
 .ARM.attributes
                0x0000034a       0x1e c:/coocox/coide/toolchain/bin/../lib/gcc/arm-none-eabi/4.8.3/armv7e-m\libgcc.a(_arm_addsubdf3.o)
 .ARM.attributes
                0x00000368       0x1e c:/coocox/coide/toolchain/bin/../lib/gcc/arm-none-eabi/4.8.3/armv7e-m\libgcc.a(_arm_muldivdf3.o)
 .ARM.attributes
                0x00000386       0x1e c:/coocox/coide/toolchain/bin/../lib/gcc/arm-none-eabi/4.8.3/armv7e-m\libgcc.a(_arm_cmpdf2.o)
 .ARM.attributes
                0x000003a4       0x1e c:/coocox/coide/toolchain/bin/../lib/gcc/arm-none-eabi/4.8.3/armv7e-m\libgcc.a(_arm_fixdfsi.o)
 .ARM.attributes
                0x000003c2       0x2e c:/coocox/coide/toolchain/bin/../lib/gcc/arm-none-eabi/4.8.3/../../../../arm-none-eabi/lib/armv7e-m\libg.a(lib_a-errno.o)
 .ARM.attributes
                0x000003f0       0x2e c:/coocox/coide/toolchain/bin/../lib/gcc/arm-none-eabi/4.8.3/../../../../arm-none-eabi/lib/armv7e-m\libg.a(lib_a-impure.o)
 .ARM.attributes
                0x0000041e       0x2e c:/coocox/coide/toolchain/bin/../lib/gcc/arm-none-eabi/4.8.3/../../../../arm-none-eabi/lib/armv7e-m\libg.a(lib_a-printf.o)
 .ARM.attributes
                0x0000044c       0x2e c:/coocox/coide/toolchain/bin/../lib/gcc/arm-none-eabi/4.8.3/../../../../arm-none-eabi/lib/armv7e-m\libg.a(lib_a-vfprintf.o)
 .ARM.attributes
                0x0000047a       0x2e c:/coocox/coide/toolchain/bin/../lib/gcc/arm-none-eabi/4.8.3/../../../../arm-none-eabi/lib/armv7e-m\libg.a(lib_a-wsetup.o)
 .ARM.attributes
                0x000004a8       0x2e c:/coocox/coide/toolchain/bin/../lib/gcc/arm-none-eabi/4.8.3/../../../../arm-none-eabi/lib/armv7e-m\libg.a(lib_a-dtoa.o)
 .ARM.attributes
                0x000004d6       0x2e c:/coocox/coide/toolchain/bin/../lib/gcc/arm-none-eabi/4.8.3/../../../../arm-none-eabi/lib/armv7e-m\libg.a(lib_a-fflush.o)
 .ARM.attributes
                0x00000504       0x2e c:/coocox/coide/toolchain/bin/../lib/gcc/arm-none-eabi/4.8.3/../../../../arm-none-eabi/lib/armv7e-m\libg.a(lib_a-findfp.o)
 .ARM.attributes
                0x00000532       0x2e c:/coocox/coide/toolchain/bin/../lib/gcc/arm-none-eabi/4.8.3/../../../../arm-none-eabi/lib/armv7e-m\libg.a(lib_a-freer.o)
 .ARM.attributes
                0x00000560       0x2e c:/coocox/coide/toolchain/bin/../lib/gcc/arm-none-eabi/4.8.3/../../../../arm-none-eabi/lib/armv7e-m\libg.a(lib_a-fwalk.o)
 .ARM.attributes
                0x0000058e       0x2e c:/coocox/coide/toolchain/bin/../lib/gcc/arm-none-eabi/4.8.3/../../../../arm-none-eabi/lib/armv7e-m\libg.a(lib_a-locale.o)
 .ARM.attributes
                0x000005bc       0x2e c:/coocox/coide/toolchain/bin/../lib/gcc/arm-none-eabi/4.8.3/../../../../arm-none-eabi/lib/armv7e-m\libg.a(lib_a-makebuf.o)
 .ARM.attributes
                0x000005ea       0x2e c:/coocox/coide/toolchain/bin/../lib/gcc/arm-none-eabi/4.8.3/../../../../arm-none-eabi/lib/armv7e-m\libg.a(lib_a-mallocr.o)
 .ARM.attributes
                0x00000618       0x2e c:/coocox/coide/toolchain/bin/../lib/gcc/arm-none-eabi/4.8.3/../../../../arm-none-eabi/lib/armv7e-m\libg.a(lib_a-memchr-stub.o)
 .ARM.attributes
                0x00000646       0x1c c:/coocox/coide/toolchain/bin/../lib/gcc/arm-none-eabi/4.8.3/../../../../arm-none-eabi/lib/armv7e-m\libg.a(lib_a-memcpy.o)
 .ARM.attributes
                0x00000662       0x2e c:/coocox/coide/toolchain/bin/../lib/gcc/arm-none-eabi/4.8.3/../../../../arm-none-eabi/lib/armv7e-m\libg.a(lib_a-memset.o)
 .ARM.attributes
                0x00000690       0x2e c:/coocox/coide/toolchain/bin/../lib/gcc/arm-none-eabi/4.8.3/../../../../arm-none-eabi/lib/armv7e-m\libg.a(lib_a-mlock.o)
 .ARM.attributes
                0x000006be       0x2e c:/coocox/coide/toolchain/bin/../lib/gcc/arm-none-eabi/4.8.3/../../../../arm-none-eabi/lib/armv7e-m\libg.a(lib_a-mprec.o)
 .ARM.attributes
                0x000006ec       0x2e c:/coocox/coide/toolchain/bin/../lib/gcc/arm-none-eabi/4.8.3/../../../../arm-none-eabi/lib/armv7e-m\libg.a(lib_a-sbrkr.o)
 .ARM.attributes
                0x0000071a       0x2e c:/coocox/coide/toolchain/bin/../lib/gcc/arm-none-eabi/4.8.3/../../../../arm-none-eabi/lib/armv7e-m\libg.a(lib_a-stdio.o)
 .ARM.attributes
                0x00000748       0x2e c:/coocox/coide/toolchain/bin/../lib/gcc/arm-none-eabi/4.8.3/../../../../arm-none-eabi/lib/armv7e-m\libg.a(lib_a-strlen.o)
 .ARM.attributes
                0x00000776       0x2e c:/coocox/coide/toolchain/bin/../lib/gcc/arm-none-eabi/4.8.3/../../../../arm-none-eabi/lib/armv7e-m\libg.a(lib_a-vfiprintf.o)
 .ARM.attributes
                0x000007a4       0x2e c:/coocox/coide/toolchain/bin/../lib/gcc/arm-none-eabi/4.8.3/../../../../arm-none-eabi/lib/armv7e-m\libg.a(lib_a-writer.o)
 .ARM.attributes
                0x000007d2       0x2e c:/coocox/coide/toolchain/bin/../lib/gcc/arm-none-eabi/4.8.3/../../../../arm-none-eabi/lib/armv7e-m\libg.a(lib_a-callocr.o)
 .ARM.attributes
                0x00000800       0x2e c:/coocox/coide/toolchain/bin/../lib/gcc/arm-none-eabi/4.8.3/../../../../arm-none-eabi/lib/armv7e-m\libg.a(lib_a-closer.o)
 .ARM.attributes
                0x0000082e       0x2e c:/coocox/coide/toolchain/bin/../lib/gcc/arm-none-eabi/4.8.3/../../../../arm-none-eabi/lib/armv7e-m\libg.a(lib_a-fclose.o)
 .ARM.attributes
                0x0000085c       0x2e c:/coocox/coide/toolchain/bin/../lib/gcc/arm-none-eabi/4.8.3/../../../../arm-none-eabi/lib/armv7e-m\libg.a(lib_a-fputwc.o)
 .ARM.attributes
                0x0000088a       0x2e c:/coocox/coide/toolchain/bin/../lib/gcc/arm-none-eabi/4.8.3/../../../../arm-none-eabi/lib/armv7e-m\libg.a(lib_a-fstatr.o)
 .ARM.attributes
                0x000008b8       0x2e c:/coocox/coide/toolchain/bin/../lib/gcc/arm-none-eabi/4.8.3/../../../../arm-none-eabi/lib/armv7e-m\libg.a(lib_a-fvwrite.o)
 .ARM.attributes
                0x000008e6       0x2e c:/coocox/coide/toolchain/bin/../lib/gcc/arm-none-eabi/4.8.3/../../../../arm-none-eabi/lib/armv7e-m\libg.a(lib_a-isattyr.o)
 .ARM.attributes
                0x00000914       0x2e c:/coocox/coide/toolchain/bin/../lib/gcc/arm-none-eabi/4.8.3/../../../../arm-none-eabi/lib/armv7e-m\libg.a(lib_a-lseekr.o)
 .ARM.attributes
                0x00000942       0x2e c:/coocox/coide/toolchain/bin/../lib/gcc/arm-none-eabi/4.8.3/../../../../arm-none-eabi/lib/armv7e-m\libg.a(lib_a-memmove.o)
 .ARM.attributes
                0x00000970       0x2e c:/coocox/coide/toolchain/bin/../lib/gcc/arm-none-eabi/4.8.3/../../../../arm-none-eabi/lib/armv7e-m\libg.a(lib_a-readr.o)
 .ARM.attributes
                0x0000099e       0x2e c:/coocox/coide/toolchain/bin/../lib/gcc/arm-none-eabi/4.8.3/../../../../arm-none-eabi/lib/armv7e-m\libg.a(lib_a-reallocr.o)
 .ARM.attributes
                0x000009cc       0x2e c:/coocox/coide/toolchain/bin/../lib/gcc/arm-none-eabi/4.8.3/../../../../arm-none-eabi/lib/armv7e-m\libg.a(lib_a-reent.o)
 .ARM.attributes
                0x000009fa       0x2e c:/coocox/coide/toolchain/bin/../lib/gcc/arm-none-eabi/4.8.3/../../../../arm-none-eabi/lib/armv7e-m\libg.a(lib_a-wbuf.o)
 .ARM.attributes
                0x00000a28       0x2e c:/coocox/coide/toolchain/bin/../lib/gcc/arm-none-eabi/4.8.3/../../../../arm-none-eabi/lib/armv7e-m\libg.a(lib_a-wcrtomb.o)
 .ARM.attributes
                0x00000a56       0x2e c:/coocox/coide/toolchain/bin/../lib/gcc/arm-none-eabi/4.8.3/../../../../arm-none-eabi/lib/armv7e-m\libg.a(lib_a-wctomb_r.o)
 .ARM.attributes
                0x00000a84       0x1e c:/coocox/coide/toolchain/bin/../lib/gcc/arm-none-eabi/4.8.3/armv7e-m\libgcc.a(_aeabi_uldivmod.o)
 .ARM.attributes
                0x00000aa2       0x2e c:/coocox/coide/toolchain/bin/../lib/gcc/arm-none-eabi/4.8.3/armv7e-m\libgcc.a(bpabi.o)
 .ARM.attributes
                0x00000ad0       0x1e c:/coocox/coide/toolchain/bin/../lib/gcc/arm-none-eabi/4.8.3/armv7e-m\libgcc.a(_dvmd_tls.o)
 .ARM.attributes
                0x00000aee       0x2e c:/coocox/coide/toolchain/bin/../lib/gcc/arm-none-eabi/4.8.3/armv7e-m\libgcc.a(_divdi3.o)
 .ARM.attributes
                0x00000b1c       0x2e c:/coocox/coide/toolchain/bin/../lib/gcc/arm-none-eabi/4.8.3/armv7e-m\libgcc.a(_udivdi3.o)

.debug_frame    0x00000000     0x2604
 .debug_frame   0x00000000      0x170 ..\obj\Draw_request.o
 .debug_frame   0x00000170       0x48 ..\obj\startup_stm32f4xx.o
 .debug_frame   0x000001b8       0x30 ..\obj\main.o
 .debug_frame   0x000001e8      0x4d8 ..\obj\stm32f4xx_rcc.o
 .debug_frame   0x000006c0      0x19c ..\obj\stm32f4xx_gpio.o
 .debug_frame   0x0000085c       0x68 ..\obj\apllication.o
 .debug_frame   0x000008c4       0x64 ..\obj\system_stm32f4xx.o
 .debug_frame   0x00000928      0x108 ..\obj\syscalls.o
 .debug_frame   0x00000a30      0x224 ..\obj\stm32f4xx_dma.o
 .debug_frame   0x00000c54      0x124 ..\obj\stm32_ub_vga_screen.o
 .debug_frame   0x00000d78       0x9c ..\obj\misc.o
 .debug_frame   0x00000e14      0xa3c ..\obj\stm32f4xx_tim.o
 .debug_frame   0x00001850       0x38 c:/coocox/coide/toolchain/bin/../lib/gcc/arm-none-eabi/4.8.3/../../../../arm-none-eabi/lib/armv7e-m\libm.a(lib_a-w_sqrt.o)
 .debug_frame   0x00001888       0x34 c:/coocox/coide/toolchain/bin/../lib/gcc/arm-none-eabi/4.8.3/../../../../arm-none-eabi/lib/armv7e-m\libm.a(lib_a-e_sqrt.o)
 .debug_frame   0x000018bc       0x28 c:/coocox/coide/toolchain/bin/../lib/gcc/arm-none-eabi/4.8.3/../../../../arm-none-eabi/lib/armv7e-m\libm.a(lib_a-s_fpclassify.o)
 .debug_frame   0x000018e4       0x20 c:/coocox/coide/toolchain/bin/../lib/gcc/arm-none-eabi/4.8.3/../../../../arm-none-eabi/lib/armv7e-m\libm.a(lib_a-s_matherr.o)
 .debug_frame   0x00001904       0x20 c:/coocox/coide/toolchain/bin/../lib/gcc/arm-none-eabi/4.8.3/../../../../arm-none-eabi/lib/armv7e-m\libg.a(lib_a-errno.o)
 .debug_frame   0x00001924       0x58 c:/coocox/coide/toolchain/bin/../lib/gcc/arm-none-eabi/4.8.3/../../../../arm-none-eabi/lib/armv7e-m\libg.a(lib_a-printf.o)
 .debug_frame   0x0000197c       0x7c c:/coocox/coide/toolchain/bin/../lib/gcc/arm-none-eabi/4.8.3/../../../../arm-none-eabi/lib/armv7e-m\libg.a(lib_a-vfprintf.o)
 .debug_frame   0x000019f8       0x2c c:/coocox/coide/toolchain/bin/../lib/gcc/arm-none-eabi/4.8.3/../../../../arm-none-eabi/lib/armv7e-m\libg.a(lib_a-wsetup.o)
 .debug_frame   0x00001a24       0x64 c:/coocox/coide/toolchain/bin/../lib/gcc/arm-none-eabi/4.8.3/../../../../arm-none-eabi/lib/armv7e-m\libg.a(lib_a-dtoa.o)
 .debug_frame   0x00001a88       0x5c c:/coocox/coide/toolchain/bin/../lib/gcc/arm-none-eabi/4.8.3/../../../../arm-none-eabi/lib/armv7e-m\libg.a(lib_a-fflush.o)
 .debug_frame   0x00001ae4      0x110 c:/coocox/coide/toolchain/bin/../lib/gcc/arm-none-eabi/4.8.3/../../../../arm-none-eabi/lib/armv7e-m\libg.a(lib_a-findfp.o)
 .debug_frame   0x00001bf4       0x50 c:/coocox/coide/toolchain/bin/../lib/gcc/arm-none-eabi/4.8.3/../../../../arm-none-eabi/lib/armv7e-m\libg.a(lib_a-freer.o)
 .debug_frame   0x00001c44       0x54 c:/coocox/coide/toolchain/bin/../lib/gcc/arm-none-eabi/4.8.3/../../../../arm-none-eabi/lib/armv7e-m\libg.a(lib_a-fwalk.o)
 .debug_frame   0x00001c98       0x98 c:/coocox/coide/toolchain/bin/../lib/gcc/arm-none-eabi/4.8.3/../../../../arm-none-eabi/lib/armv7e-m\libg.a(lib_a-locale.o)
 .debug_frame   0x00001d30       0x30 c:/coocox/coide/toolchain/bin/../lib/gcc/arm-none-eabi/4.8.3/../../../../arm-none-eabi/lib/armv7e-m\libg.a(lib_a-makebuf.o)
 .debug_frame   0x00001d60       0x38 c:/coocox/coide/toolchain/bin/../lib/gcc/arm-none-eabi/4.8.3/../../../../arm-none-eabi/lib/armv7e-m\libg.a(lib_a-mallocr.o)
 .debug_frame   0x00001d98       0x2c c:/coocox/coide/toolchain/bin/../lib/gcc/arm-none-eabi/4.8.3/../../../../arm-none-eabi/lib/armv7e-m\libg.a(lib_a-memchr-stub.o)
 .debug_frame   0x00001dc4       0x2c c:/coocox/coide/toolchain/bin/../lib/gcc/arm-none-eabi/4.8.3/../../../../arm-none-eabi/lib/armv7e-m\libg.a(lib_a-memset.o)
 .debug_frame   0x00001df0       0x30 c:/coocox/coide/toolchain/bin/../lib/gcc/arm-none-eabi/4.8.3/../../../../arm-none-eabi/lib/armv7e-m\libg.a(lib_a-mlock.o)
 .debug_frame   0x00001e20      0x22c c:/coocox/coide/toolchain/bin/../lib/gcc/arm-none-eabi/4.8.3/../../../../arm-none-eabi/lib/armv7e-m\libg.a(lib_a-mprec.o)
 .debug_frame   0x0000204c       0x2c c:/coocox/coide/toolchain/bin/../lib/gcc/arm-none-eabi/4.8.3/../../../../arm-none-eabi/lib/armv7e-m\libg.a(lib_a-sbrkr.o)
 .debug_frame   0x00002078       0x80 c:/coocox/coide/toolchain/bin/../lib/gcc/arm-none-eabi/4.8.3/../../../../arm-none-eabi/lib/armv7e-m\libg.a(lib_a-stdio.o)
 .debug_frame   0x000020f8       0x20 c:/coocox/coide/toolchain/bin/../lib/gcc/arm-none-eabi/4.8.3/../../../../arm-none-eabi/lib/armv7e-m\libg.a(lib_a-strlen.o)
 .debug_frame   0x00002118       0xb8 c:/coocox/coide/toolchain/bin/../lib/gcc/arm-none-eabi/4.8.3/../../../../arm-none-eabi/lib/armv7e-m\libg.a(lib_a-vfiprintf.o)
 .debug_frame   0x000021d0       0x2c c:/coocox/coide/toolchain/bin/../lib/gcc/arm-none-eabi/4.8.3/../../../../arm-none-eabi/lib/armv7e-m\libg.a(lib_a-writer.o)
 .debug_frame   0x000021fc       0x28 c:/coocox/coide/toolchain/bin/../lib/gcc/arm-none-eabi/4.8.3/../../../../arm-none-eabi/lib/armv7e-m\libg.a(lib_a-callocr.o)
 .debug_frame   0x00002224       0x2c c:/coocox/coide/toolchain/bin/../lib/gcc/arm-none-eabi/4.8.3/../../../../arm-none-eabi/lib/armv7e-m\libg.a(lib_a-closer.o)
 .debug_frame   0x00002250       0x3c c:/coocox/coide/toolchain/bin/../lib/gcc/arm-none-eabi/4.8.3/../../../../arm-none-eabi/lib/armv7e-m\libg.a(lib_a-fclose.o)
 .debug_frame   0x0000228c       0x50 c:/coocox/coide/toolchain/bin/../lib/gcc/arm-none-eabi/4.8.3/../../../../arm-none-eabi/lib/armv7e-m\libg.a(lib_a-fputwc.o)
 .debug_frame   0x000022dc       0x2c c:/coocox/coide/toolchain/bin/../lib/gcc/arm-none-eabi/4.8.3/../../../../arm-none-eabi/lib/armv7e-m\libg.a(lib_a-fstatr.o)
 .debug_frame   0x00002308       0x38 c:/coocox/coide/toolchain/bin/../lib/gcc/arm-none-eabi/4.8.3/../../../../arm-none-eabi/lib/armv7e-m\libg.a(lib_a-fvwrite.o)
 .debug_frame   0x00002340       0x2c c:/coocox/coide/toolchain/bin/../lib/gcc/arm-none-eabi/4.8.3/../../../../arm-none-eabi/lib/armv7e-m\libg.a(lib_a-isattyr.o)
 .debug_frame   0x0000236c       0x2c c:/coocox/coide/toolchain/bin/../lib/gcc/arm-none-eabi/4.8.3/../../../../arm-none-eabi/lib/armv7e-m\libg.a(lib_a-lseekr.o)
 .debug_frame   0x00002398       0x2c c:/coocox/coide/toolchain/bin/../lib/gcc/arm-none-eabi/4.8.3/../../../../arm-none-eabi/lib/armv7e-m\libg.a(lib_a-memmove.o)
 .debug_frame   0x000023c4       0x2c c:/coocox/coide/toolchain/bin/../lib/gcc/arm-none-eabi/4.8.3/../../../../arm-none-eabi/lib/armv7e-m\libg.a(lib_a-readr.o)
 .debug_frame   0x000023f0       0x38 c:/coocox/coide/toolchain/bin/../lib/gcc/arm-none-eabi/4.8.3/../../../../arm-none-eabi/lib/armv7e-m\libg.a(lib_a-reallocr.o)
 .debug_frame   0x00002428       0x48 c:/coocox/coide/toolchain/bin/../lib/gcc/arm-none-eabi/4.8.3/../../../../arm-none-eabi/lib/armv7e-m\libg.a(lib_a-reent.o)
 .debug_frame   0x00002470       0x40 c:/coocox/coide/toolchain/bin/../lib/gcc/arm-none-eabi/4.8.3/../../../../arm-none-eabi/lib/armv7e-m\libg.a(lib_a-wbuf.o)
 .debug_frame   0x000024b0       0x58 c:/coocox/coide/toolchain/bin/../lib/gcc/arm-none-eabi/4.8.3/../../../../arm-none-eabi/lib/armv7e-m\libg.a(lib_a-wcrtomb.o)
 .debug_frame   0x00002508       0x44 c:/coocox/coide/toolchain/bin/../lib/gcc/arm-none-eabi/4.8.3/../../../../arm-none-eabi/lib/armv7e-m\libg.a(lib_a-wctomb_r.o)
 .debug_frame   0x0000254c       0x50 c:/coocox/coide/toolchain/bin/../lib/gcc/arm-none-eabi/4.8.3/armv7e-m\libgcc.a(bpabi.o)
 .debug_frame   0x0000259c       0x34 c:/coocox/coide/toolchain/bin/../lib/gcc/arm-none-eabi/4.8.3/armv7e-m\libgcc.a(_divdi3.o)
 .debug_frame   0x000025d0       0x34 c:/coocox/coide/toolchain/bin/../lib/gcc/arm-none-eabi/4.8.3/armv7e-m\libgcc.a(_udivdi3.o)
